Archive member included because of file (symbol)

/Applications/KDS_v3.app/Contents/toolchain/bin/../lib/gcc/arm-none-eabi/4.8.4/../../../../arm-none-eabi/lib/armv7e-m/fpu/libg_s.a(lib_a-errno.o)
                              ./utilities/fsl_sbrk.o (__errno)
/Applications/KDS_v3.app/Contents/toolchain/bin/../lib/gcc/arm-none-eabi/4.8.4/../../../../arm-none-eabi/lib/armv7e-m/fpu/libg_s.a(lib_a-exit.o)
                              /Applications/KDS_v3.app/Contents/toolchain/bin/../lib/gcc/arm-none-eabi/4.8.4/../../../../arm-none-eabi/lib/armv7e-m/fpu/crt0.o (exit)
/Applications/KDS_v3.app/Contents/toolchain/bin/../lib/gcc/arm-none-eabi/4.8.4/../../../../arm-none-eabi/lib/armv7e-m/fpu/libg_s.a(lib_a-impure.o)
                              /Applications/KDS_v3.app/Contents/toolchain/bin/../lib/gcc/arm-none-eabi/4.8.4/../../../../arm-none-eabi/lib/armv7e-m/fpu/libg_s.a(lib_a-exit.o) (_global_impure_ptr)
/Applications/KDS_v3.app/Contents/toolchain/bin/../lib/gcc/arm-none-eabi/4.8.4/../../../../arm-none-eabi/lib/armv7e-m/fpu/libg_s.a(lib_a-init.o)
                              /Applications/KDS_v3.app/Contents/toolchain/bin/../lib/gcc/arm-none-eabi/4.8.4/../../../../arm-none-eabi/lib/armv7e-m/fpu/crt0.o (__libc_init_array)
/Applications/KDS_v3.app/Contents/toolchain/bin/../lib/gcc/arm-none-eabi/4.8.4/../../../../arm-none-eabi/lib/armv7e-m/fpu/libg_s.a(lib_a-memcpy-stub.o)
                              ./freertos/SEGGER_RTT.o (memcpy)
/Applications/KDS_v3.app/Contents/toolchain/bin/../lib/gcc/arm-none-eabi/4.8.4/../../../../arm-none-eabi/lib/armv7e-m/fpu/libg_s.a(lib_a-memmove.o)
                              ./utilities/fsl_shell.o (memmove)
/Applications/KDS_v3.app/Contents/toolchain/bin/../lib/gcc/arm-none-eabi/4.8.4/../../../../arm-none-eabi/lib/armv7e-m/fpu/libg_s.a(lib_a-memset.o)
                              /Applications/KDS_v3.app/Contents/toolchain/bin/../lib/gcc/arm-none-eabi/4.8.4/../../../../arm-none-eabi/lib/armv7e-m/fpu/crt0.o (memset)
/Applications/KDS_v3.app/Contents/toolchain/bin/../lib/gcc/arm-none-eabi/4.8.4/../../../../arm-none-eabi/lib/armv7e-m/fpu/libg_s.a(lib_a-strlen.o)
                              ./utilities/fsl_debug_console.o (strlen)
/Applications/KDS_v3.app/Contents/toolchain/bin/../lib/gcc/arm-none-eabi/4.8.4/../../../../arm-none-eabi/lib/armv7e-m/fpu/libnosys.a(_exit.o)
                              /Applications/KDS_v3.app/Contents/toolchain/bin/../lib/gcc/arm-none-eabi/4.8.4/../../../../arm-none-eabi/lib/armv7e-m/fpu/libg_s.a(lib_a-exit.o) (_exit)

Allocating common symbols
Common symbol       size              file

xQueueRegistry      0x40              ./freertos/queue.o
PageInfo            0x10              ./freertos/trcStreamingRecorder.o
_TzTraceData        0x1388            ./freertos/trcKernelPort.o
s_saiHandle         0x8               ./drivers/fsl_sai.o
g_xtal32Freq        0x4               ./drivers/fsl_clock.o
_SEGGER_RTT         0xa8              ./freertos/SEGGER_RTT.o
trcWarningChannel   0x4               ./freertos/trcKernelPort.o
g_xtal0Freq         0x4               ./drivers/fsl_clock.o

Discarded input sections

 .text          0x0000000000000000        0x0 /Applications/KDS_v3.app/Contents/toolchain/bin/../lib/gcc/arm-none-eabi/4.8.4/armv7e-m/fpu/crti.o
 .data          0x0000000000000000        0x0 /Applications/KDS_v3.app/Contents/toolchain/bin/../lib/gcc/arm-none-eabi/4.8.4/armv7e-m/fpu/crti.o
 .bss           0x0000000000000000        0x0 /Applications/KDS_v3.app/Contents/toolchain/bin/../lib/gcc/arm-none-eabi/4.8.4/armv7e-m/fpu/crti.o
 .data          0x0000000000000000        0x4 /Applications/KDS_v3.app/Contents/toolchain/bin/../lib/gcc/arm-none-eabi/4.8.4/armv7e-m/fpu/crtbegin.o
 .data          0x0000000000000000        0x0 /Applications/KDS_v3.app/Contents/toolchain/bin/../lib/gcc/arm-none-eabi/4.8.4/../../../../arm-none-eabi/lib/armv7e-m/fpu/crt0.o
 .bss           0x0000000000000000        0x0 /Applications/KDS_v3.app/Contents/toolchain/bin/../lib/gcc/arm-none-eabi/4.8.4/../../../../arm-none-eabi/lib/armv7e-m/fpu/crt0.o
 .ARM.extab     0x0000000000000000        0x0 /Applications/KDS_v3.app/Contents/toolchain/bin/../lib/gcc/arm-none-eabi/4.8.4/../../../../arm-none-eabi/lib/armv7e-m/fpu/crt0.o
 .group         0x0000000000000000        0x8 ./utilities/fsl_debug_console.o
 .group         0x0000000000000000        0x8 ./utilities/fsl_debug_console.o
 .group         0x0000000000000000        0x8 ./utilities/fsl_debug_console.o
 .group         0x0000000000000000        0x8 ./utilities/fsl_debug_console.o
 .group         0x0000000000000000        0x8 ./utilities/fsl_debug_console.o
 .group         0x0000000000000000        0x8 ./utilities/fsl_debug_console.o
 .group         0x0000000000000000        0x8 ./utilities/fsl_debug_console.o
 .group         0x0000000000000000        0x8 ./utilities/fsl_debug_console.o
 .group         0x0000000000000000        0x8 ./utilities/fsl_debug_console.o
[...]
Memory Configuration

Name             Origin             Length             Attributes
m_interrupts     0x0000000000000000 0x0000000000000400 xr
m_flash_config   0x0000000000000400 0x0000000000000010 xr
m_text           0x0000000000000410 0x00000000000ffbf0 xr
m_data           0x000000001fff0000 0x0000000000010000 rw
m_data_2         0x0000000020000000 0x0000000000030000 rw
*default*        0x0000000000000000 0xffffffffffffffff

Linker script and memory map

LOAD /Applications/KDS_v3.app/Contents/toolchain/bin/../lib/gcc/arm-none-eabi/4.8.4/armv7e-m/fpu/crti.o
LOAD /Applications/KDS_v3.app/Contents/toolchain/bin/../lib/gcc/arm-none-eabi/4.8.4/armv7e-m/fpu/crtbegin.o
LOAD /Applications/KDS_v3.app/Contents/toolchain/bin/../lib/gcc/arm-none-eabi/4.8.4/../../../../arm-none-eabi/lib/armv7e-m/fpu/crt0.o
LOAD ./utilities/fsl_debug_console.o
LOAD ./utilities/fsl_notifier.o
LOAD ./utilities/fsl_sbrk.o
LOAD ./utilities/fsl_shell.o
LOAD ./startup/startup_MK64F12.o
LOAD ./source/main.o
LOAD ./freertos/SEGGER_RTT.o
LOAD ./freertos/SEGGER_RTT_Printf.o
LOAD ./freertos/croutine.o
LOAD ./freertos/event_groups.o
LOAD ./freertos/fsl_tickless_lptmr.o
LOAD ./freertos/fsl_tickless_systick.o
LOAD ./freertos/heap_4.o
LOAD ./freertos/list.o
LOAD ./freertos/port.o
LOAD ./freertos/queue.o
LOAD ./freertos/tasks.o
LOAD ./freertos/timers.o
LOAD ./freertos/trcKernelPort.o
LOAD ./freertos/trcSnapshotRecorder.o
LOAD ./freertos/trcStreamingRecorder.o
LOAD ./drivers/fsl_adc16.o
LOAD ./drivers/fsl_clock.o
LOAD ./drivers/fsl_cmp.o
LOAD ./drivers/fsl_cmt.o
LOAD ./drivers/fsl_common.o
LOAD ./drivers/fsl_crc.o
LOAD ./drivers/fsl_dac.o
LOAD ./drivers/fsl_dmamux.o
LOAD ./drivers/fsl_dspi.o
LOAD ./drivers/fsl_dspi_edma.o
LOAD ./drivers/fsl_dspi_freertos.o
LOAD ./drivers/fsl_edma.o
LOAD ./drivers/fsl_enet.o
LOAD ./drivers/fsl_ewm.o
LOAD ./drivers/fsl_flash.o
LOAD ./drivers/fsl_flexbus.o
LOAD ./drivers/fsl_flexcan.o
LOAD ./drivers/fsl_ftm.o
LOAD ./drivers/fsl_gpio.o
LOAD ./drivers/fsl_i2c.o
LOAD ./drivers/fsl_i2c_edma.o
LOAD ./drivers/fsl_i2c_freertos.o
LOAD ./drivers/fsl_llwu.o
LOAD ./drivers/fsl_lptmr.o
LOAD ./drivers/fsl_pdb.o
LOAD ./drivers/fsl_pit.o
LOAD ./drivers/fsl_pmc.o
LOAD ./drivers/fsl_rcm.o
LOAD ./drivers/fsl_rnga.o
LOAD ./drivers/fsl_rtc.o
LOAD ./drivers/fsl_sai.o
LOAD ./drivers/fsl_sai_edma.o
LOAD ./drivers/fsl_sdhc.o
LOAD ./drivers/fsl_sim.o
LOAD ./drivers/fsl_smc.o
LOAD ./drivers/fsl_sysmpu.o
LOAD ./drivers/fsl_uart.o
LOAD ./drivers/fsl_uart_edma.o
LOAD ./drivers/fsl_uart_freertos.o
LOAD ./drivers/fsl_vref.o
LOAD ./drivers/fsl_wdog.o
LOAD ./board/board.o
LOAD ./board/clock_config.o
LOAD ./board/pin_mux.o
LOAD ./Tracealyzer/SEGGER_RTT.o
LOAD ./Tracealyzer/SEGGER_RTT_Printf.o
LOAD ./Tracealyzer/trcKernelPort.o
LOAD ./Tracealyzer/trcSnapshotRecorder.o
LOAD ./Tracealyzer/trcStreamingRecorder.o
LOAD ./CMSIS/system_MK64F12.o
LOAD /Applications/KDS_v3.app/Contents/toolchain/bin/../lib/gcc/arm-none-eabi/4.8.4/../../../../arm-none-eabi/lib/armv7e-m/fpu/libstdc++_s.a
LOAD /Applications/KDS_v3.app/Contents/toolchain/bin/../lib/gcc/arm-none-eabi/4.8.4/../../../../arm-none-eabi/lib/armv7e-m/fpu/libm.a
START GROUP
LOAD /Applications/KDS_v3.app/Contents/toolchain/bin/../lib/gcc/arm-none-eabi/4.8.4/armv7e-m/fpu/libgcc.a
LOAD /Applications/KDS_v3.app/Contents/toolchain/bin/../lib/gcc/arm-none-eabi/4.8.4/../../../../arm-none-eabi/lib/armv7e-m/fpu/libg_s.a
LOAD /Applications/KDS_v3.app/Contents/toolchain/bin/../lib/gcc/arm-none-eabi/4.8.4/../../../../arm-none-eabi/lib/armv7e-m/fpu/libc_s.a
END GROUP
START GROUP
LOAD /Applications/KDS_v3.app/Contents/toolchain/bin/../lib/gcc/arm-none-eabi/4.8.4/armv7e-m/fpu/libgcc.a
LOAD /Applications/KDS_v3.app/Contents/toolchain/bin/../lib/gcc/arm-none-eabi/4.8.4/../../../../arm-none-eabi/lib/armv7e-m/fpu/libc_s.a
LOAD /Applications/KDS_v3.app/Contents/toolchain/bin/../lib/gcc/arm-none-eabi/4.8.4/../../../../arm-none-eabi/lib/armv7e-m/fpu/libnosys.a
END GROUP
START GROUP
LOAD /Applications/KDS_v3.app/Contents/toolchain/bin/../lib/gcc/arm-none-eabi/4.8.4/armv7e-m/fpu/libgcc.a
LOAD /Applications/KDS_v3.app/Contents/toolchain/bin/../lib/gcc/arm-none-eabi/4.8.4/../../../../arm-none-eabi/lib/armv7e-m/fpu/libc_s.a
LOAD /Applications/KDS_v3.app/Contents/toolchain/bin/../lib/gcc/arm-none-eabi/4.8.4/../../../../arm-none-eabi/lib/armv7e-m/fpu/libnosys.a
END GROUP
LOAD /Applications/KDS_v3.app/Contents/toolchain/bin/../lib/gcc/arm-none-eabi/4.8.4/armv7e-m/fpu/crtend.o
LOAD /Applications/KDS_v3.app/Contents/toolchain/bin/../lib/gcc/arm-none-eabi/4.8.4/armv7e-m/fpu/crtn.o
                0x0000000000000400                HEAP_SIZE = DEFINED (__heap_size__)?__heap_size__:0x400
                0x0000000000000400                STACK_SIZE = DEFINED (__stack_size__)?__stack_size__:0x400
                0x0000000000000000                M_VECTOR_RAM_SIZE = DEFINED (__ram_vector_table__)?0x400:0x0

.interrupts     0x0000000000000000      0x400
                0x0000000000000000                __VECTOR_TABLE = .
                0x0000000000000000                . = ALIGN (0x4)
 *(.isr_vector)
 .isr_vector    0x0000000000000000      0x400 ./startup/startup_MK64F12.o
                0x0000000000000000                __isr_vector
                0x0000000000000400                . = ALIGN (0x4)

.flash_config   0x0000000000000400       0x10
                0x0000000000000400                . = ALIGN (0x4)
 *(.FlashConfig)
 .FlashConfig   0x0000000000000400       0x10 ./startup/startup_MK64F12.o
                0x0000000000000410                . = ALIGN (0x4)

.text           0x0000000000000410     0x7534
                0x0000000000000410                . = ALIGN (0x4)
 *(.text)
 .text          0x0000000000000410       0x54 /Applications/KDS_v3.app/Contents/toolchain/bin/../lib/gcc/arm-none-eabi/4.8.4/armv7e-m/fpu/crtbegin.o
 .text          0x0000000000000464       0x74 /Applications/KDS_v3.app/Contents/toolchain/bin/../lib/gcc/arm-none-eabi/4.8.4/../../../../arm-none-eabi/lib/armv7e-m/fpu/crt0.o
                0x0000000000000464                _mainCRTStartup
                0x0000000000000464                _start
 .text          0x00000000000004d8      0x1e8 ./startup/startup_MK64F12.o
                0x00000000000004d8                Reset_Handler
                0x0000000000000520                DebugMon_Handler
                0x0000000000000520                CMP0_IRQHandler
                0x0000000000000520                DMA_Error_DriverIRQHandler
                0x0000000000000520                ENET_Transmit_DriverIRQHandler
                0x0000000000000520                USB0_IRQHandler
                0x0000000000000520                UART4_ERR_DriverIRQHandler
                0x0000000000000520                Read_Collision_IRQHandler
                0x0000000000000520                USBDCD_IRQHandler
                0x0000000000000520                UART1_ERR_DriverIRQHandler
                0x0000000000000520                BusFault_Handler
                0x0000000000000520                LPTMR0_IRQHandler
                0x0000000000000520                FTM2_IRQHandler
                0x0000000000000520                PIT0_IRQHandler
                0x0000000000000520                PORTE_IRQHandler
                0x0000000000000520                CMP2_IRQHandler
                0x0000000000000520                LLWU_IRQHandler
                0x0000000000000520                FTM3_IRQHandler
                0x0000000000000520                ENET_1588_Timer_DriverIRQHandler
                0x0000000000000520                SWI_IRQHandler
                0x0000000000000520                ADC0_IRQHandler
                0x0000000000000520                UsageFault_Handler
                0x0000000000000520                MCM_IRQHandler
                0x0000000000000520                CMT_IRQHandler
                0x0000000000000520                DAC1_IRQHandler
                0x0000000000000520                PORTA_IRQHandler
                0x0000000000000520                DefaultISR
                0x0000000000000520                FTM0_IRQHandler
                0x0000000000000520                UART5_ERR_DriverIRQHandler
                0x0000000000000520                LVD_LVW_IRQHandler
                0x0000000000000520                CMP1_IRQHandler
                0x0000000000000520                Reserved71_IRQHandler
                0x0000000000000520                PORTD_IRQHandler
                0x0000000000000520                PORTB_IRQHandler
                0x0000000000000520                PIT1_IRQHandler
                0x0000000000000520                UART2_ERR_DriverIRQHandler
                0x0000000000000520                ADC1_IRQHandler
                0x0000000000000520                ENET_Error_DriverIRQHandler
                0x0000000000000520                PIT2_IRQHandler
                0x0000000000000520                DAC0_IRQHandler
                0x0000000000000520                ENET_Receive_DriverIRQHandler
                0x0000000000000520                RTC_IRQHandler
                0x0000000000000520                UART3_ERR_DriverIRQHandler
                0x0000000000000520                PDB0_IRQHandler
                0x0000000000000520                FTM1_IRQHandler
                0x0000000000000520                RNG_IRQHandler
                0x0000000000000520                PIT3_IRQHandler
                0x0000000000000520                UART0_LON_DriverIRQHandler
                0x0000000000000520                RTC_Seconds_IRQHandler
                0x0000000000000520                MCG_IRQHandler
                0x0000000000000520                FTFE_IRQHandler
                0x0000000000000520                UART0_ERR_DriverIRQHandler
                0x0000000000000520                MemManage_Handler
                0x0000000000000520                WDOG_EWM_IRQHandler
                0x0000000000000524                NMI_Handler
                0x0000000000000528                HardFault_Handler
                0x0000000000000538                DMA0_IRQHandler
                0x000000000000053c                DMA1_IRQHandler
                0x0000000000000540                DMA2_IRQHandler
                0x0000000000000544                DMA3_IRQHandler
                0x0000000000000548                DMA4_IRQHandler
                0x000000000000054c                DMA5_IRQHandler
                0x0000000000000550                DMA6_IRQHandler
                0x0000000000000554                DMA7_IRQHandler
                0x0000000000000558                DMA8_IRQHandler
                0x000000000000055c                DMA9_IRQHandler
                0x0000000000000560                DMA10_IRQHandler
                0x0000000000000564                DMA11_IRQHandler
                0x0000000000000568                DMA12_IRQHandler
                0x000000000000056c                DMA13_IRQHandler
                0x0000000000000570                DMA14_IRQHandler
                0x0000000000000574                DMA15_IRQHandler
                0x0000000000000578                DMA_Error_IRQHandler
                0x000000000000057c                I2C0_IRQHandler
                0x0000000000000580                I2C1_IRQHandler
                0x0000000000000584                SPI0_IRQHandler
                0x0000000000000588                SPI1_IRQHandler
                0x000000000000058c                I2S0_Tx_IRQHandler
                0x0000000000000590                I2S0_Rx_IRQHandler
                0x0000000000000594                UART0_LON_IRQHandler
                0x0000000000000598                UART0_RX_TX_IRQHandler
                0x000000000000059c                UART0_ERR_IRQHandler
                0x00000000000005a0                UART1_RX_TX_IRQHandler
                0x00000000000005a4                UART1_ERR_IRQHandler
                0x00000000000005a8                UART2_RX_TX_IRQHandler
                0x00000000000005ac                UART2_ERR_IRQHandler
                0x00000000000005b0                UART3_RX_TX_IRQHandler
                0x00000000000005b4                UART3_ERR_IRQHandler
                0x00000000000005b8                SPI2_IRQHandler
                0x00000000000005bc                UART4_RX_TX_IRQHandler
                0x00000000000005c0                UART4_ERR_IRQHandler
                0x00000000000005c4                UART5_RX_TX_IRQHandler
                0x00000000000005c8                UART5_ERR_IRQHandler
                0x00000000000005cc                I2C2_IRQHandler
                0x00000000000005d0                CAN0_ORed_Message_buffer_IRQHandler
                0x00000000000005d4                CAN0_Bus_Off_IRQHandler
                0x00000000000005d8                CAN0_Error_IRQHandler
                0x00000000000005dc                CAN0_Tx_Warning_IRQHandler
                0x00000000000005e0                CAN0_Rx_Warning_IRQHandler
                0x00000000000005e4                CAN0_Wake_Up_IRQHandler
                0x00000000000005e8                SDHC_IRQHandler
 *(.text*)
 .text.UART_EnableTx
                0x00000000000006c0       0x40 ./utilities/fsl_debug_console.o
 .text.UART_EnableRx
                0x0000000000000700       0x40 ./utilities/fsl_debug_console.o
 .text.DbgConsole_Init
                0x0000000000000740       0x94 ./utilities/fsl_debug_console.o
                0x0000000000000740                DbgConsole_Init
 .text.DbgConsole_Printf
                0x00000000000007d4       0x40 ./utilities/fsl_debug_console.o
                0x00000000000007d4                DbgConsole_Printf
 .text.DbgConsole_Putchar
                0x0000000000000814       0x38 ./utilities/fsl_debug_console.o
                0x0000000000000814                DbgConsole_Putchar
 .text.DbgConsole_PrintfPaddingCharacter
                0x000000000000084c       0x40 ./utilities/fsl_debug_console.o
 .text.DbgConsole_ConvertRadixNumToString
                0x000000000000088c      0x118 ./utilities/fsl_debug_console.o
 .text.DbgConsole_PrintfFormattedData
                0x00000000000009a4      0x36c ./utilities/fsl_debug_console.o
 .text.NVIC_EnableIRQ
                0x0000000000000d10       0x30 ./source/main.o
 .text.NVIC_SetPriority
                0x0000000000000d40       0x54 ./source/main.o
 .text.CLOCK_EnableClock
                0x0000000000000d94       0x34 ./source/main.o
 .text.EnableIRQ
                0x0000000000000dc8       0x28 ./source/main.o
 .text.GPIO_WritePinOutput
                0x0000000000000df0       0x34 ./source/main.o
 .text.GPIO_TogglePinsOutput
                0x0000000000000e24       0x1c ./source/main.o
 .text.GPIO_ReadPinInput
                0x0000000000000e40       0x24 ./source/main.o
 .text.PORT_SetPinMux
                0x0000000000000e64       0x38 ./source/main.o
 .text.PORT_SetPinInterruptConfig
                0x0000000000000e9c       0x38 ./source/main.o
 .text.PORT_ClearPinsInterruptFlags
                0x0000000000000ed4       0x1c ./source/main.o
 .text.main     0x0000000000000ef0       0xc8 ./source/main.o
                0x0000000000000ef0                main
 .text.write_fijo
                0x0000000000000fb8       0x4c ./source/main.o
 .text.write_variable
                0x0000000000001004       0xa0 ./source/main.o
 .text.log_init
                0x00000000000010a4       0x44 ./source/main.o
                0x00000000000010a4                log_init
 .text.log_task
                0x00000000000010e8       0x74 ./source/main.o
 .text.init_sw2
                0x000000000000115c       0x54 ./source/main.o
 .text.PORTC_IRQHandler
                0x00000000000011b0       0x58 ./source/main.o
                0x00000000000011b0                PORTC_IRQHandler
 .text._DoInit  0x0000000000001208       0xa0 ./freertos/SEGGER_RTT.o
 .text._WriteBlocking
                0x00000000000012a8       0xb4 ./freertos/SEGGER_RTT.o
 .text._WriteNoCheck
                0x000000000000135c       0x80 ./freertos/SEGGER_RTT.o
 .text._GetAvailWriteSpace
                0x00000000000013dc       0x48 ./freertos/SEGGER_RTT.o
 .text.SEGGER_RTT_WriteNoLock
                0x0000000000001424       0x9c ./freertos/SEGGER_RTT.o
                0x0000000000001424                SEGGER_RTT_WriteNoLock
 .text.SEGGER_RTT_Write
                0x00000000000014c0       0x48 ./freertos/SEGGER_RTT.o
                0x00000000000014c0                SEGGER_RTT_Write
 .text.vPortSetupTimerInterrupt
                0x0000000000001508       0x40 ./freertos/fsl_tickless_lptmr.o
                0x0000000000001508                vPortSetupTimerInterrupt
 .text.pvPortMalloc
                0x0000000000001548      0x190 ./freertos/heap_4.o
                0x0000000000001548                pvPortMalloc
 .text.vPortFree
                0x00000000000016d8       0xc0 ./freertos/heap_4.o
                0x00000000000016d8                vPortFree
 .text.prvHeapInit
                0x0000000000001798       0xc4 ./freertos/heap_4.o
 .text.prvInsertBlockIntoFreeList
                0x000000000000185c       0xb0 ./freertos/heap_4.o
 .text.vListInitialise
                0x000000000000190c       0x40 ./freertos/list.o
                0x000000000000190c                vListInitialise
 .text.vListInitialiseItem
                0x000000000000194c       0x18 ./freertos/list.o
                0x000000000000194c                vListInitialiseItem
 .text.vListInsertEnd
                0x0000000000001964       0x48 ./freertos/list.o
                0x0000000000001964                vListInsertEnd
 .text.vListInsert
                0x00000000000019ac       0x70 ./freertos/list.o
                0x00000000000019ac                vListInsert
 .text.uxListRemove
                0x0000000000001a1c       0x54 ./freertos/list.o
                0x0000000000001a1c                uxListRemove
 .text.pxPortInitialiseStack
                0x0000000000001a70       0x68 ./freertos/port.o
                0x0000000000001a70                pxPortInitialiseStack
 .text.prvTaskExitError
                0x0000000000001ad8       0x3c ./freertos/port.o
 *fill*         0x0000000000001b14        0xc 
 .text.SVC_Handler
                0x0000000000001b20       0x30 ./freertos/port.o
                0x0000000000001b20                SVC_Handler
 .text.prvPortStartFirstTask
                0x0000000000001b50       0x20 ./freertos/port.o
 .text.xPortStartScheduler
                0x0000000000001b70      0x118 ./freertos/port.o
                0x0000000000001b70                xPortStartScheduler
 .text.vPortEnterCritical
                0x0000000000001c88       0x5c ./freertos/port.o
                0x0000000000001c88                vPortEnterCritical
 .text.vPortExitCritical
                0x0000000000001ce4       0x4c ./freertos/port.o
                0x0000000000001ce4                vPortExitCritical
 .text.PendSV_Handler
                0x0000000000001d30       0x70 ./freertos/port.o
                0x0000000000001d30                PendSV_Handler
 .text.SysTick_Handler
                0x0000000000001da0       0x40 ./freertos/port.o
                0x0000000000001da0                SysTick_Handler
 .text.vPortEnableVFP
                0x0000000000001de0       0x14 ./freertos/port.o
 .text.vPortValidateInterruptPriority
                0x0000000000001df4       0x78 ./freertos/port.o
                0x0000000000001df4                vPortValidateInterruptPriority
 .text.xQueueGenericReset
                0x0000000000001e6c       0xd0 ./freertos/queue.o
                0x0000000000001e6c                xQueueGenericReset
 .text.xQueueGenericCreate
                0x0000000000001f3c       0x70 ./freertos/queue.o
                0x0000000000001f3c                xQueueGenericCreate
 .text.prvInitialiseNewQueue
                0x0000000000001fac       0x74 ./freertos/queue.o
 .text.xQueueGenericSend
                0x0000000000002020      0x374 ./freertos/queue.o
                0x0000000000002020                xQueueGenericSend
 .text.xQueueGenericSendFromISR
                0x0000000000002394      0x1b0 ./freertos/queue.o
                0x0000000000002394                xQueueGenericSendFromISR
 .text.xQueueGiveFromISR
                0x0000000000002544       0x20 ./freertos/queue.o
                0x0000000000002544                xQueueGiveFromISR
 .text.MyWrapper
                0x0000000000002564      0x19c ./freertos/queue.o
                0x0000000000002564                MyWrapper
 .text.xQueueGenericReceive
                0x0000000000002700      0x440 ./freertos/queue.o
                0x0000000000002700                xQueueGenericReceive
 .text.prvCopyDataToQueue
                0x0000000000002b40       0xd8 ./freertos/queue.o
 .text.prvCopyDataFromQueue
                0x0000000000002c18       0x4c ./freertos/queue.o
 .text.prvUnlockQueue
                0x0000000000002c64       0xa0 ./freertos/queue.o
 .text.prvIsQueueEmpty
                0x0000000000002d04       0x2c ./freertos/queue.o
 .text.prvIsQueueFull
                0x0000000000002d30       0x30 ./freertos/queue.o
 .text.vQueueAddToRegistry
                0x0000000000002d60       0x60 ./freertos/queue.o
                0x0000000000002d60                vQueueAddToRegistry
 .text.vQueueWaitForMessageRestricted
                0x0000000000002dc0       0x6c ./freertos/queue.o
                0x0000000000002dc0                vQueueWaitForMessageRestricted
 .text.xTaskCreate
                0x0000000000002e2c       0x84 ./freertos/tasks.o
                0x0000000000002e2c                xTaskCreate
 .text.prvInitialiseNewTask
                0x0000000000002eb0      0x128 ./freertos/tasks.o
 .text.prvAddNewTaskToReadyList
                0x0000000000002fd8      0x124 ./freertos/tasks.o
 .text.vTaskDelay
                0x00000000000030fc       0x6c ./freertos/tasks.o
                0x00000000000030fc                vTaskDelay
 .text.vTaskStartScheduler
                0x0000000000003168       0x94 ./freertos/tasks.o
                0x0000000000003168                vTaskStartScheduler
 .text.vTaskSuspendAll
                0x00000000000031fc       0x1c ./freertos/tasks.o
                0x00000000000031fc                vTaskSuspendAll
 .text.xTaskResumeAll
                0x0000000000003218      0x140 ./freertos/tasks.o
                0x0000000000003218                xTaskResumeAll
 .text.xTaskGetTickCount
                0x0000000000003358       0x20 ./freertos/tasks.o
                0x0000000000003358                xTaskGetTickCount
 .text.xTaskIncrementTick
                0x0000000000003378      0x19c ./freertos/tasks.o
                0x0000000000003378                xTaskIncrementTick
 .text.vTaskSwitchContext
                0x0000000000003514       0xd4 ./freertos/tasks.o
                0x0000000000003514                vTaskSwitchContext
 .text.vTaskPlaceOnEventList
                0x00000000000035e8       0x44 ./freertos/tasks.o
                0x00000000000035e8                vTaskPlaceOnEventList
 .text.vTaskPlaceOnEventListRestricted
                0x000000000000362c       0x68 ./freertos/tasks.o
                0x000000000000362c                vTaskPlaceOnEventListRestricted
 .text.xTaskRemoveFromEventList
                0x0000000000003694       0xcc ./freertos/tasks.o
                0x0000000000003694                xTaskRemoveFromEventList
 .text.vTaskSetTimeOutState
                0x0000000000003760       0x44 ./freertos/tasks.o
                0x0000000000003760                vTaskSetTimeOutState
 .text.xTaskCheckForTimeOut
                0x00000000000037a4       0xbc ./freertos/tasks.o
                0x00000000000037a4                xTaskCheckForTimeOut
 .text.vTaskMissedYield
                0x0000000000003860       0x18 ./freertos/tasks.o
                0x0000000000003860                vTaskMissedYield
 .text.prvIdleTask
                0x0000000000003878       0x30 ./freertos/tasks.o
 .text.prvInitialiseTaskLists
                0x00000000000038a8       0x7c ./freertos/tasks.o
 .text.prvCheckTasksWaitingTermination
                0x0000000000003924       0x74 ./freertos/tasks.o
 .text.prvDeleteTCB
                0x0000000000003998       0x20 ./freertos/tasks.o
 .text.prvResetNextTaskUnblockTime
                0x00000000000039b8       0x48 ./freertos/tasks.o
 .text.xTaskGetCurrentTaskHandle
                0x0000000000003a00       0x20 ./freertos/tasks.o
                0x0000000000003a00                xTaskGetCurrentTaskHandle
 .text.xTaskGetSchedulerState
                0x0000000000003a20       0x3c ./freertos/tasks.o
                0x0000000000003a20                xTaskGetSchedulerState
 .text.vTaskPriorityInherit
                0x0000000000003a5c      0x108 ./freertos/tasks.o
                0x0000000000003a5c                vTaskPriorityInherit
 .text.xTaskPriorityDisinherit
                0x0000000000003b64      0x120 ./freertos/tasks.o
                0x0000000000003b64                xTaskPriorityDisinherit
 .text.pvTaskIncrementMutexHeldCount
                0x0000000000003c84       0x28 ./freertos/tasks.o
                0x0000000000003c84                pvTaskIncrementMutexHeldCount
 .text.prvAddCurrentTaskToDelayedList
                0x0000000000003cac       0xc8 ./freertos/tasks.o
 .text.xTimerCreateTimerTask
                0x0000000000003d74       0x60 ./freertos/timers.o
                0x0000000000003d74                xTimerCreateTimerTask
 .text.xTimerGenericCommand
                0x0000000000003dd4      0x1c0 ./freertos/timers.o
                0x0000000000003dd4                xTimerGenericCommand
 .text.prvProcessExpiredTimer
                0x0000000000003f94       0x80 ./freertos/timers.o
 .text.prvTimerTask
                0x0000000000004014       0x24 ./freertos/timers.o
 .text.prvProcessTimerOrBlockTask
                0x0000000000004038       0x9c ./freertos/timers.o
 .text.prvGetNextExpireTime
                0x00000000000040d4       0x48 ./freertos/timers.o
 .text.prvSampleTimeNow
                0x000000000000411c       0x40 ./freertos/timers.o
 .text.prvInsertTimerInActiveList
                0x000000000000415c       0x84 ./freertos/timers.o
 .text.prvProcessReceivedCommands
                0x00000000000041e0      0x164 ./freertos/timers.o
 .text.prvSwitchTimerLists
                0x0000000000004344       0xc0 ./freertos/timers.o
 .text.prvCheckForValidListAndQueue
                0x0000000000004404       0x6c ./freertos/timers.o
 .text.prvTraceOnBegin
                0x0000000000004470        0xc ./freertos/trcKernelPort.o
                0x0000000000004470                prvTraceOnBegin
 .text.prvTraceOnEnd
                0x000000000000447c        0xc ./freertos/trcKernelPort.o
                0x000000000000447c                prvTraceOnEnd
 .text.prvTraceGetCurrentTaskHandle
                0x0000000000004488       0x10 ./freertos/trcKernelPort.o
                0x0000000000004488                prvTraceGetCurrentTaskHandle
 .text.prvIsNewTCB
                0x0000000000004498       0x30 ./freertos/trcKernelPort.o
                0x0000000000004498                prvIsNewTCB
 .text.vTracePrintF
                0x00000000000044c8       0xa8 ./freertos/trcStreamingRecorder.o
                0x00000000000044c8                vTracePrintF
 .text.prvSetRecorderEnabled
                0x0000000000004570       0xa0 ./freertos/trcStreamingRecorder.o
 .text.prvTraceStoreSymbolTable
                0x0000000000004610       0x94 ./freertos/trcStreamingRecorder.o
 .text.prvTraceStoreObjectDataTable
                0x00000000000046a4       0x90 ./freertos/trcStreamingRecorder.o
 .text.prvTraceStoreHeader
                0x0000000000004734       0x90 ./freertos/trcStreamingRecorder.o
 .text.prvTraceStoreWarnings
                0x00000000000047c4      0x110 ./freertos/trcStreamingRecorder.o
 .text.prvTraceStoreEvent1
                0x00000000000048d4       0x98 ./freertos/trcStreamingRecorder.o
                0x00000000000048d4                prvTraceStoreEvent1
 .text.prvTraceStoreEvent2
                0x000000000000496c       0xa0 ./freertos/trcStreamingRecorder.o
                0x000000000000496c                prvTraceStoreEvent2
 .text.prvTraceStoreEvent3
                0x0000000000004a0c       0xa8 ./freertos/trcStreamingRecorder.o
                0x0000000000004a0c                prvTraceStoreEvent3
 .text.prvTraceStoreEvent
                0x0000000000004ab4       0xdc ./freertos/trcStreamingRecorder.o
                0x0000000000004ab4                prvTraceStoreEvent
 .text.prvTraceStoreStringEvent
                0x0000000000004b90       0x34 ./freertos/trcStreamingRecorder.o
                0x0000000000004b90                prvTraceStoreStringEvent
 .text.prvTraceStoreStringEventHelper
                0x0000000000004bc4      0x1fc ./freertos/trcStreamingRecorder.o
 .text.prvTraceSaveSymbol
                0x0000000000004dc0      0x118 ./freertos/trcStreamingRecorder.o
                0x0000000000004dc0                prvTraceSaveSymbol
 .text.prvTraceSaveObjectData
                0x0000000000004ed8       0xbc ./freertos/trcStreamingRecorder.o
                0x0000000000004ed8                prvTraceSaveObjectData
 .text.prvTraceError
                0x0000000000004f94       0x40 ./freertos/trcStreamingRecorder.o
                0x0000000000004f94                prvTraceError
 .text.prvGetTimestamp32
                0x0000000000004fd4       0x18 ./freertos/trcStreamingRecorder.o
 .text.prvTraceStoreTSConfig
                0x0000000000004fec       0x3c ./freertos/trcStreamingRecorder.o
 .text.CLOCK_SetEr32kClock
                0x0000000000005028       0x2c ./drivers/fsl_clock.o
 .text.CLOCK_SetPllFllSelClock
                0x0000000000005054       0x38 ./drivers/fsl_clock.o
 .text.OSC_SetExtRefClkConfig
                0x000000000000508c       0x34 ./drivers/fsl_clock.o
 .text.OSC_SetCapLoad
                0x00000000000050c0       0x34 ./drivers/fsl_clock.o
 .text.CLOCK_GetMcgExtClkFreq
                0x00000000000050f4       0x8c ./drivers/fsl_clock.o
 .text.CLOCK_GetFllExtRefClkFreq
                0x0000000000005180       0xc8 ./drivers/fsl_clock.o
 .text.CLOCK_GetInternalRefClkSelectFreq
                0x0000000000005248       0x44 ./drivers/fsl_clock.o
 .text.CLOCK_GetFllRefClkFreq
                0x000000000000528c       0x2c ./drivers/fsl_clock.o
 .text.CLOCK_GetPll0RefFreq
                0x00000000000052b8       0x10 ./drivers/fsl_clock.o
 .text.CLOCK_GetOscRangeFromFreq
                0x00000000000052c8       0x3c ./drivers/fsl_clock.o
 .text.CLOCK_GetCoreSysClkFreq
                0x0000000000005304       0x24 ./drivers/fsl_clock.o
                0x0000000000005304                CLOCK_GetCoreSysClkFreq
 .text.CLOCK_SetSimConfig
                0x0000000000005328       0x34 ./drivers/fsl_clock.o
                0x0000000000005328                CLOCK_SetSimConfig
 .text.CLOCK_GetOutClkFreq
                0x000000000000535c       0x64 ./drivers/fsl_clock.o
                0x000000000000535c                CLOCK_GetOutClkFreq
 .text.CLOCK_GetFllFreq
                0x00000000000053c0       0x74 ./drivers/fsl_clock.o
                0x00000000000053c0                CLOCK_GetFllFreq
 .text.CLOCK_GetPll0Freq
                0x0000000000005434       0x78 ./drivers/fsl_clock.o
                0x0000000000005434                CLOCK_GetPll0Freq
 .text.CLOCK_SetExternalRefClkConfig
                0x00000000000054ac       0x6c ./drivers/fsl_clock.o
                0x00000000000054ac                CLOCK_SetExternalRefClkConfig
 .text.CLOCK_SetInternalRefClkConfig
                0x0000000000005518      0x104 ./drivers/fsl_clock.o
                0x0000000000005518                CLOCK_SetInternalRefClkConfig
 .text.CLOCK_EnablePll0
                0x000000000000561c       0x94 ./drivers/fsl_clock.o
                0x000000000000561c                CLOCK_EnablePll0
 .text.CLOCK_InitOsc0
                0x00000000000056b0       0x8c ./drivers/fsl_clock.o
                0x00000000000056b0                CLOCK_InitOsc0
 .text.CLOCK_SetPbeMode
                0x000000000000573c       0xb8 ./drivers/fsl_clock.o
                0x000000000000573c                CLOCK_SetPbeMode
 .text.CLOCK_BootToPeeMode
                0x00000000000057f4       0x74 ./drivers/fsl_clock.o
                0x00000000000057f4                CLOCK_BootToPeeMode
 .text.__assert_func
                0x0000000000005868       0x28 ./drivers/fsl_common.o
                0x0000000000005868                __assert_func
 .text.DSPI_IsMaster
                0x0000000000005890       0x1c ./drivers/fsl_dspi.o
 .text.DSPI_CommonIRQHandler
                0x00000000000058ac       0x3c ./drivers/fsl_dspi.o
 .text.SPI0_DriverIRQHandler
                0x00000000000058e8       0x3c ./drivers/fsl_dspi.o
                0x00000000000058e8                SPI0_DriverIRQHandler
 .text.SPI1_DriverIRQHandler
                0x0000000000005924       0x3c ./drivers/fsl_dspi.o
                0x0000000000005924                SPI1_DriverIRQHandler
 .text.SPI2_DriverIRQHandler
                0x0000000000005960       0x3c ./drivers/fsl_dspi.o
                0x0000000000005960                SPI2_DriverIRQHandler
 .text.EDMA_HandleIRQ
                0x000000000000599c      0x15c ./drivers/fsl_edma.o
                0x000000000000599c                EDMA_HandleIRQ
 .text.DMA0_DriverIRQHandler
                0x0000000000005af8       0x14 ./drivers/fsl_edma.o
                0x0000000000005af8                DMA0_DriverIRQHandler
 .text.DMA1_DriverIRQHandler
                0x0000000000005b0c       0x14 ./drivers/fsl_edma.o
                0x0000000000005b0c                DMA1_DriverIRQHandler
 .text.DMA2_DriverIRQHandler
                0x0000000000005b20       0x14 ./drivers/fsl_edma.o
                0x0000000000005b20                DMA2_DriverIRQHandler
 .text.DMA3_DriverIRQHandler
                0x0000000000005b34       0x14 ./drivers/fsl_edma.o
                0x0000000000005b34                DMA3_DriverIRQHandler
 .text.DMA4_DriverIRQHandler
                0x0000000000005b48       0x14 ./drivers/fsl_edma.o
                0x0000000000005b48                DMA4_DriverIRQHandler
 .text.DMA5_DriverIRQHandler
                0x0000000000005b5c       0x14 ./drivers/fsl_edma.o
                0x0000000000005b5c                DMA5_DriverIRQHandler
 .text.DMA6_DriverIRQHandler
                0x0000000000005b70       0x14 ./drivers/fsl_edma.o
                0x0000000000005b70                DMA6_DriverIRQHandler
 .text.DMA7_DriverIRQHandler
                0x0000000000005b84       0x14 ./drivers/fsl_edma.o
                0x0000000000005b84                DMA7_DriverIRQHandler
 .text.DMA8_DriverIRQHandler
                0x0000000000005b98       0x14 ./drivers/fsl_edma.o
                0x0000000000005b98                DMA8_DriverIRQHandler
 .text.DMA9_DriverIRQHandler
                0x0000000000005bac       0x14 ./drivers/fsl_edma.o
                0x0000000000005bac                DMA9_DriverIRQHandler
 .text.DMA10_DriverIRQHandler
                0x0000000000005bc0       0x14 ./drivers/fsl_edma.o
                0x0000000000005bc0                DMA10_DriverIRQHandler
 .text.DMA11_DriverIRQHandler
                0x0000000000005bd4       0x14 ./drivers/fsl_edma.o
                0x0000000000005bd4                DMA11_DriverIRQHandler
 .text.DMA12_DriverIRQHandler
                0x0000000000005be8       0x14 ./drivers/fsl_edma.o
                0x0000000000005be8                DMA12_DriverIRQHandler
 .text.DMA13_DriverIRQHandler
                0x0000000000005bfc       0x14 ./drivers/fsl_edma.o
                0x0000000000005bfc                DMA13_DriverIRQHandler
 .text.DMA14_DriverIRQHandler
                0x0000000000005c10       0x14 ./drivers/fsl_edma.o
                0x0000000000005c10                DMA14_DriverIRQHandler
 .text.DMA15_DriverIRQHandler
                0x0000000000005c24       0x14 ./drivers/fsl_edma.o
                0x0000000000005c24                DMA15_DriverIRQHandler
 .text.ENET_Transmit_IRQHandler
                0x0000000000005c38       0x20 ./drivers/fsl_enet.o
                0x0000000000005c38                ENET_Transmit_IRQHandler
 .text.ENET_Receive_IRQHandler
                0x0000000000005c58       0x20 ./drivers/fsl_enet.o
                0x0000000000005c58                ENET_Receive_IRQHandler
 .text.ENET_Error_IRQHandler
                0x0000000000005c78       0x20 ./drivers/fsl_enet.o
                0x0000000000005c78                ENET_Error_IRQHandler
 .text.ENET_1588_Timer_IRQHandler
                0x0000000000005c98       0x20 ./drivers/fsl_enet.o
                0x0000000000005c98                ENET_1588_Timer_IRQHandler
 .text.CAN0_DriverIRQHandler
                0x0000000000005cb8       0x44 ./drivers/fsl_flexcan.o
                0x0000000000005cb8                CAN0_DriverIRQHandler
 .text.GPIO_WritePinOutput
                0x0000000000005cfc       0x34 ./drivers/fsl_gpio.o
 .text.GPIO_PinInit
                0x0000000000005d30       0x70 ./drivers/fsl_gpio.o
                0x0000000000005d30                GPIO_PinInit
 .text.I2C_TransferCommonIRQHandler
                0x0000000000005da0       0x50 ./drivers/fsl_i2c.o
 .text.I2C0_DriverIRQHandler
                0x0000000000005df0       0x1c ./drivers/fsl_i2c.o
                0x0000000000005df0                I2C0_DriverIRQHandler
 .text.I2C1_DriverIRQHandler
                0x0000000000005e0c       0x1c ./drivers/fsl_i2c.o
                0x0000000000005e0c                I2C1_DriverIRQHandler
 .text.I2C2_DriverIRQHandler
                0x0000000000005e28       0x1c ./drivers/fsl_i2c.o
                0x0000000000005e28                I2C2_DriverIRQHandler
 .text.I2S0_Tx_DriverIRQHandler
                0x0000000000005e44       0x44 ./drivers/fsl_sai.o
                0x0000000000005e44                I2S0_Tx_DriverIRQHandler
 .text.I2S0_Rx_DriverIRQHandler
                0x0000000000005e88       0x44 ./drivers/fsl_sai.o
                0x0000000000005e88                I2S0_Rx_DriverIRQHandler
 .text.SDHC_DriverIRQHandler
                0x0000000000005ecc       0x44 ./drivers/fsl_sdhc.o
                0x0000000000005ecc                SDHC_DriverIRQHandler
 .text.CLOCK_EnableClock
                0x0000000000005f10       0x34 ./drivers/fsl_uart.o
 .text.UART_GetInstance
                0x0000000000005f44       0x60 ./drivers/fsl_uart.o
                0x0000000000005f44                UART_GetInstance
 .text.UART_Init
                0x0000000000005fa4      0x2d8 ./drivers/fsl_uart.o
                0x0000000000005fa4                UART_Init
 .text.UART_GetDefaultConfig
                0x000000000000627c       0x5c ./drivers/fsl_uart.o
                0x000000000000627c                UART_GetDefaultConfig
 .text.UART_GetStatusFlags
                0x00000000000062d8       0x48 ./drivers/fsl_uart.o
                0x00000000000062d8                UART_GetStatusFlags
 .text.UART_WriteBlocking
                0x0000000000006320       0x40 ./drivers/fsl_uart.o
                0x0000000000006320                UART_WriteBlocking
 .text.UART_ReadBlocking
                0x0000000000006360       0xa4 ./drivers/fsl_uart.o
                0x0000000000006360                UART_ReadBlocking
 .text.UART0_DriverIRQHandler
                0x0000000000006404       0x20 ./drivers/fsl_uart.o
                0x0000000000006404                UART0_DriverIRQHandler
 .text.UART0_RX_TX_DriverIRQHandler
                0x0000000000006424        0xc ./drivers/fsl_uart.o
                0x0000000000006424                UART0_RX_TX_DriverIRQHandler
 .text.UART1_DriverIRQHandler
                0x0000000000006430       0x20 ./drivers/fsl_uart.o
                0x0000000000006430                UART1_DriverIRQHandler
 .text.UART1_RX_TX_DriverIRQHandler
                0x0000000000006450        0xc ./drivers/fsl_uart.o
                0x0000000000006450                UART1_RX_TX_DriverIRQHandler
 .text.UART2_DriverIRQHandler
                0x000000000000645c       0x20 ./drivers/fsl_uart.o
                0x000000000000645c                UART2_DriverIRQHandler
 .text.UART2_RX_TX_DriverIRQHandler
                0x000000000000647c        0xc ./drivers/fsl_uart.o
                0x000000000000647c                UART2_RX_TX_DriverIRQHandler
 .text.UART3_DriverIRQHandler
                0x0000000000006488       0x20 ./drivers/fsl_uart.o
                0x0000000000006488                UART3_DriverIRQHandler
 .text.UART3_RX_TX_DriverIRQHandler
                0x00000000000064a8        0xc ./drivers/fsl_uart.o
                0x00000000000064a8                UART3_RX_TX_DriverIRQHandler
 .text.UART4_DriverIRQHandler
                0x00000000000064b4       0x20 ./drivers/fsl_uart.o
                0x00000000000064b4                UART4_DriverIRQHandler
 .text.UART4_RX_TX_DriverIRQHandler
                0x00000000000064d4        0xc ./drivers/fsl_uart.o
                0x00000000000064d4                UART4_RX_TX_DriverIRQHandler
 .text.UART5_DriverIRQHandler
                0x00000000000064e0       0x20 ./drivers/fsl_uart.o
                0x00000000000064e0                UART5_DriverIRQHandler
 .text.UART5_RX_TX_DriverIRQHandler
                0x0000000000006500        0xc ./drivers/fsl_uart.o
                0x0000000000006500                UART5_RX_TX_DriverIRQHandler
 .text.BOARD_InitDebugConsole
                0x000000000000650c       0x24 ./board/board.o
                0x000000000000650c                BOARD_InitDebugConsole
 .text.CLOCK_SetSimSafeDivs
                0x0000000000006530       0x20 ./board/clock_config.o
 .text.CLOCK_SetXtal0Freq
                0x0000000000006550       0x1c ./board/clock_config.o
 .text.CLOCK_CONFIG_SetFllExtRefDiv
                0x000000000000656c       0x38 ./board/clock_config.o
 .text.BOARD_BootClockRUN
                0x00000000000065a4       0x60 ./board/clock_config.o
                0x00000000000065a4                BOARD_BootClockRUN
 .text.NVIC_EnableIRQ
                0x0000000000006604       0x30 ./board/pin_mux.o
 .text.CLOCK_EnableClock
                0x0000000000006634       0x34 ./board/pin_mux.o
 .text.EnableIRQ
                0x0000000000006668       0x28 ./board/pin_mux.o
 .text.PORT_SetPinMux
                0x0000000000006690       0x38 ./board/pin_mux.o
 .text.PORT_SetPinInterruptConfig
                0x00000000000066c8       0x38 ./board/pin_mux.o
 .text.BOARD_InitPins
                0x0000000000006700       0xcc ./board/pin_mux.o
                0x0000000000006700                BOARD_InitPins
 .text.SystemInit
                0x00000000000067cc       0x3c ./CMSIS/system_MK64F12.o
                0x00000000000067cc                SystemInit
 .text.exit     0x0000000000006808       0x28 /Applications/KDS_v3.app/Contents/toolchain/bin/../lib/gcc/arm-none-eabi/4.8.4/../../../../arm-none-eabi/lib/armv7e-m/fpu/libg_s.a(lib_a-exit.o)
                0x0000000000006808                exit
 .text.__libc_init_array
                0x0000000000006830       0x4c /Applications/KDS_v3.app/Contents/toolchain/bin/../lib/gcc/arm-none-eabi/4.8.4/../../../../arm-none-eabi/lib/armv7e-m/fpu/libg_s.a(lib_a-init.o)
                0x0000000000006830                __libc_init_array
 .text.memcpy   0x000000000000687c       0x12 /Applications/KDS_v3.app/Contents/toolchain/bin/../lib/gcc/arm-none-eabi/4.8.4/../../../../arm-none-eabi/lib/armv7e-m/fpu/libg_s.a(lib_a-memcpy-stub.o)
                0x000000000000687c                memcpy
 .text.memset   0x000000000000688e       0x10 /Applications/KDS_v3.app/Contents/toolchain/bin/../lib/gcc/arm-none-eabi/4.8.4/../../../../arm-none-eabi/lib/armv7e-m/fpu/libg_s.a(lib_a-memset.o)
                0x000000000000688e                memset
 .text.strlen   0x000000000000689e       0x10 /Applications/KDS_v3.app/Contents/toolchain/bin/../lib/gcc/arm-none-eabi/4.8.4/../../../../arm-none-eabi/lib/armv7e-m/fpu/libg_s.a(lib_a-strlen.o)
                0x000000000000689e                strlen
 *fill*         0x00000000000068ae        0x2 
 .text._exit    0x00000000000068b0        0x4 /Applications/KDS_v3.app/Contents/toolchain/bin/../lib/gcc/arm-none-eabi/4.8.4/../../../../arm-none-eabi/lib/armv7e-m/fpu/libnosys.a(_exit.o)
                0x00000000000068b0                _exit
 *(.rodata)
 .rodata        0x00000000000068b4       0x74 ./source/main.o
 .rodata        0x0000000000006928       0x18 ./freertos/SEGGER_RTT.o
 .rodata        0x0000000000006940        0x8 ./freertos/tasks.o
 .rodata        0x0000000000006948       0x10 ./freertos/timers.o
 .rodata        0x0000000000006958      0x274 ./freertos/trcStreamingRecorder.o
 .rodata        0x0000000000006bcc       0x48 ./drivers/fsl_clock.o
 .rodata        0x0000000000006c14       0x40 ./drivers/fsl_common.o
 .rodata        0x0000000000006c54       0xac ./drivers/fsl_dspi.o
 .rodata        0x0000000000006d00      0x244 ./drivers/fsl_edma.o
 .rodata        0x0000000000006f44      0x2fc ./drivers/fsl_flexcan.o
 .rodata        0x0000000000007240       0x44 ./drivers/fsl_gpio.o
 .rodata        0x0000000000007284       0x6c ./drivers/fsl_sai.o
 .rodata        0x00000000000072f0      0x328 ./drivers/fsl_sdhc.o
 .rodata        0x0000000000007618      0x12c ./drivers/fsl_uart.o
 *(.rodata*)
 .rodata.__func__.6782
                0x0000000000007744       0x18 ./drivers/fsl_clock.o
 .rodata.fllFactorTable.6903
                0x000000000000775c       0x10 ./drivers/fsl_clock.o
 .rodata.__func__.6918
                0x000000000000776c       0x14 ./drivers/fsl_clock.o
 .rodata.__func__.6963
                0x0000000000007780       0x14 ./drivers/fsl_clock.o
 .rodata.__func__.7105
                0x0000000000007794       0x14 ./drivers/fsl_clock.o
 .rodata.__func__.7172
                0x00000000000077a8       0x14 ./drivers/fsl_clock.o
 .rodata.__func__.7443
                0x00000000000077bc       0x18 ./drivers/fsl_dspi.o
 .rodata.__func__.7447
                0x00000000000077d4       0x18 ./drivers/fsl_dspi.o
 .rodata.__func__.7451
                0x00000000000077ec       0x18 ./drivers/fsl_dspi.o
 .rodata.__func__.7255
                0x0000000000007804       0x10 ./drivers/fsl_edma.o
 .rodata.__func__.7322
                0x0000000000007814       0x18 ./drivers/fsl_flexcan.o
 .rodata.__func__.6801
                0x000000000000782c       0x10 ./drivers/fsl_gpio.o
 .rodata.__func__.7307
                0x000000000000783c       0x1c ./drivers/fsl_sai.o
 .rodata.__func__.7311
                0x0000000000007858       0x1c ./drivers/fsl_sai.o
 .rodata.__func__.7490
                0x0000000000007874       0x18 ./drivers/fsl_sdhc.o
 .rodata.s_uartBases
                0x000000000000788c       0x18 ./drivers/fsl_uart.o
 .rodata.s_uartClock
                0x00000000000078a4       0x18 ./drivers/fsl_uart.o
 .rodata.__func__.6976
                0x00000000000078bc       0x14 ./drivers/fsl_uart.o
 .rodata.__func__.6992
                0x00000000000078d0        0xc ./drivers/fsl_uart.o
 .rodata.__func__.7010
                0x00000000000078dc       0x18 ./drivers/fsl_uart.o
 .rodata.__func__.7070
                0x00000000000078f4       0x14 ./drivers/fsl_uart.o
 .rodata.mcgConfig_BOARD_BootClockRUN
                0x0000000000007908        0xc ./board/clock_config.o
                0x0000000000007908                mcgConfig_BOARD_BootClockRUN
 .rodata.simConfig_BOARD_BootClockRUN
                0x0000000000007914        0x8 ./board/clock_config.o
                0x0000000000007914                simConfig_BOARD_BootClockRUN
 .rodata.oscConfig_BOARD_BootClockRUN
                0x000000000000791c        0x8 ./board/clock_config.o
                0x000000000000791c                oscConfig_BOARD_BootClockRUN
 .rodata.str1.1
                0x0000000000007924        0x2 /Applications/KDS_v3.app/Contents/toolchain/bin/../lib/gcc/arm-none-eabi/4.8.4/../../../../arm-none-eabi/lib/armv7e-m/fpu/libg_s.a(lib_a-impure.o)
 *fill*         0x0000000000007926        0x2 
 .rodata._global_impure_ptr
                0x0000000000007928        0x4 /Applications/KDS_v3.app/Contents/toolchain/bin/../lib/gcc/arm-none-eabi/4.8.4/../../../../arm-none-eabi/lib/armv7e-m/fpu/libg_s.a(lib_a-impure.o)
                0x0000000000007928                _global_impure_ptr
 *(.glue_7)
 .glue_7        0x0000000000000000        0x0 linker stubs
 *(.glue_7t)
 .glue_7t       0x0000000000000000        0x0 linker stubs
 *(.eh_frame)
 .eh_frame      0x000000000000792c        0x0 /Applications/KDS_v3.app/Contents/toolchain/bin/../lib/gcc/arm-none-eabi/4.8.4/armv7e-m/fpu/crtbegin.o
 *(.init)
 .init          0x000000000000792c        0x4 /Applications/KDS_v3.app/Contents/toolchain/bin/../lib/gcc/arm-none-eabi/4.8.4/armv7e-m/fpu/crti.o
                0x000000000000792c                _init
 .init          0x0000000000007930        0x8 /Applications/KDS_v3.app/Contents/toolchain/bin/../lib/gcc/arm-none-eabi/4.8.4/armv7e-m/fpu/crtn.o
 *(.fini)
 .fini          0x0000000000007938        0x4 /Applications/KDS_v3.app/Contents/toolchain/bin/../lib/gcc/arm-none-eabi/4.8.4/armv7e-m/fpu/crti.o
                0x0000000000007938                _fini
 .fini          0x000000000000793c        0x8 /Applications/KDS_v3.app/Contents/toolchain/bin/../lib/gcc/arm-none-eabi/4.8.4/armv7e-m/fpu/crtn.o
                0x0000000000007944                . = ALIGN (0x4)

.vfp11_veneer   0x0000000000007944        0x0
 .vfp11_veneer  0x0000000000000000        0x0 linker stubs

.v4_bx          0x0000000000007944        0x0
 .v4_bx         0x0000000000000000        0x0 linker stubs

.iplt           0x0000000000007944        0x0
 .iplt          0x0000000000000000        0x0 /Applications/KDS_v3.app/Contents/toolchain/bin/../lib/gcc/arm-none-eabi/4.8.4/armv7e-m/fpu/crtbegin.o

.ARM.extab
 *(.ARM.extab* .gnu.linkonce.armextab.*)

.ARM            0x0000000000007944        0x8
                0x0000000000007944                __exidx_start = .
 *(.ARM.exidx*)
 .ARM.exidx     0x0000000000007944        0x8 /Applications/KDS_v3.app/Contents/toolchain/bin/../lib/gcc/arm-none-eabi/4.8.4/../../../../arm-none-eabi/lib/armv7e-m/fpu/crt0.o
                0x000000000000794c                __exidx_end = .

.rel.dyn        0x000000000000794c        0x0
 .rel.iplt      0x0000000000000000        0x0 /Applications/KDS_v3.app/Contents/toolchain/bin/../lib/gcc/arm-none-eabi/4.8.4/armv7e-m/fpu/crtbegin.o

.ctors          0x000000000000794c        0x0
                0x000000000000794c                __CTOR_LIST__ = .
 *crtbegin.o(.ctors)
 *crtbegin?.o(.ctors)
 *(EXCLUDE_FILE(*crtend.o *crtend?.o) .ctors)
 *(SORT(.ctors.*))
 *(.ctors)
                0x000000000000794c                __CTOR_END__ = .

.dtors          0x000000000000794c        0x0
                0x000000000000794c                __DTOR_LIST__ = .
 *crtbegin.o(.dtors)
 *crtbegin?.o(.dtors)
 *(EXCLUDE_FILE(*crtend.o *crtend?.o) .dtors)
 *(SORT(.dtors.*))
 *(.dtors)
                0x000000000000794c                __DTOR_END__ = .

.preinit_array  0x000000000000794c        0x0
                0x000000000000794c                PROVIDE (__preinit_array_start, .)
 *(.preinit_array*)
                0x000000000000794c                PROVIDE (__preinit_array_end, .)

.init_array     0x000000000000794c        0x4
                0x000000000000794c                PROVIDE (__init_array_start, .)
 *(SORT(.init_array.*))
 *(.init_array*)
 .init_array    0x000000000000794c        0x4 /Applications/KDS_v3.app/Contents/toolchain/bin/../lib/gcc/arm-none-eabi/4.8.4/armv7e-m/fpu/crtbegin.o
                0x0000000000007950                PROVIDE (__init_array_end, .)

.fini_array     0x0000000000007950        0x4
                0x0000000000007950                PROVIDE (__fini_array_start, .)
 *(SORT(.fini_array.*))
 *(.fini_array*)
 .fini_array    0x0000000000007950        0x4 /Applications/KDS_v3.app/Contents/toolchain/bin/../lib/gcc/arm-none-eabi/4.8.4/armv7e-m/fpu/crtbegin.o
                0x0000000000007954                PROVIDE (__fini_array_end, .)
                0x0000000000007954                __etext = .
                0x0000000000007954                __DATA_ROM = .

.interrupts_ram
                0x000000001fff0000        0x0
                0x000000001fff0000                . = ALIGN (0x4)
                0x000000001fff0000                __VECTOR_RAM__ = .
                0x000000001fff0000                __interrupts_ram_start__ = .
 *(.m_interrupts_ram)
                0x000000001fff0000                . = (. + M_VECTOR_RAM_SIZE)
                0x000000001fff0000                . = ALIGN (0x4)
                0x000000001fff0000                __interrupts_ram_end__ = .
                0x0000000000000000                __VECTOR_RAM = DEFINED (__ram_vector_table__)?__VECTOR_RAM__:ORIGIN (m_interrupts)
                0x0000000000000000                __RAM_VECTOR_TABLE_SIZE_BYTES = DEFINED (__ram_vector_table__)?(__interrupts_ram_end__ - __interrupts_ram_start__):0x0

.data           0x000000001fff0000       0x80 load address 0x0000000000007954
                0x000000001fff0000                . = ALIGN (0x4)
                0x000000001fff0000                __DATA_RAM = .
                0x000000001fff0000                __data_start__ = .
 *(.data)
 *(.data*)
 .data.uxCriticalNesting
                0x000000001fff0000        0x4 ./freertos/port.o
 .data.ISR_stack_index
                0x000000001fff0004        0x1 ./freertos/trcStreamingRecorder.o
 *fill*         0x000000001fff0005        0x3 
 .data.PSFEndianessIdentifier
                0x000000001fff0008        0x4 ./freertos/trcStreamingRecorder.o
 .data.FormatVersion
                0x000000001fff000c        0x2 ./freertos/trcStreamingRecorder.o
 *fill*         0x000000001fff000e        0x2 
 .data.s_slowIrcFreq
                0x000000001fff0010        0x4 ./drivers/fsl_clock.o
 .data.s_fastIrcFreq
                0x000000001fff0014        0x4 ./drivers/fsl_clock.o
 .data.SystemCoreClock
                0x000000001fff0018        0x4 ./CMSIS/system_MK64F12.o
                0x000000001fff0018                SystemCoreClock
 .data.impure_data
                0x000000001fff001c       0x60 /Applications/KDS_v3.app/Contents/toolchain/bin/../lib/gcc/arm-none-eabi/4.8.4/../../../../arm-none-eabi/lib/armv7e-m/fpu/libg_s.a(lib_a-impure.o)
 *(.jcr*)
 .jcr           0x000000001fff007c        0x0 /Applications/KDS_v3.app/Contents/toolchain/bin/../lib/gcc/arm-none-eabi/4.8.4/armv7e-m/fpu/crtbegin.o
 .jcr           0x000000001fff007c        0x4 /Applications/KDS_v3.app/Contents/toolchain/bin/../lib/gcc/arm-none-eabi/4.8.4/armv7e-m/fpu/crtend.o
                0x000000001fff0080                . = ALIGN (0x4)
                0x000000001fff0080                __data_end__ = .
                0x00000000000079d4                __DATA_END = (__DATA_ROM + (__data_end__ - __data_start__))
                0x0000000000100000                text_end = (ORIGIN (m_text) + 0xffbf0)
                0x0000000000000001                ASSERT ((__DATA_END <= text_end), region m_text overflowed with text and data)

.igot.plt       0x000000001fff0080        0x0 load address 0x00000000000079d4
 .igot.plt      0x0000000000000000        0x0 /Applications/KDS_v3.app/Contents/toolchain/bin/../lib/gcc/arm-none-eabi/4.8.4/armv7e-m/fpu/crtbegin.o

.bss            0x000000001fff0080     0x458c load address 0x00000000000079d4
                0x000000001fff0080                . = ALIGN (0x4)
                0x000000001fff0080                __START_BSS = .
                0x000000001fff0080                __bss_start__ = .
 *(.bss)
 .bss           0x000000001fff0080       0x1c /Applications/KDS_v3.app/Contents/toolchain/bin/../lib/gcc/arm-none-eabi/4.8.4/armv7e-m/fpu/crtbegin.o
 *(.bss*)
 .bss.s_debugConsole
                0x000000001fff009c       0x10 ./utilities/fsl_debug_console.o
 .bss.log_queue
                0x000000001fff00ac        0x4 ./source/main.o
 .bss.xSemaphore
                0x000000001fff00b0        0x4 ./source/main.o
 .bss._acUpBuffer
                0x000000001fff00b4       0x40 ./freertos/SEGGER_RTT.o
 .bss._acDownBuffer
                0x000000001fff00f4       0x10 ./freertos/SEGGER_RTT.o
 .bss.ucHeap    0x000000001fff0104     0x2800 ./freertos/heap_4.o
 .bss.xStart    0x000000001fff2904        0x8 ./freertos/heap_4.o
 .bss.pxEnd     0x000000001fff290c        0x4 ./freertos/heap_4.o
 .bss.xFreeBytesRemaining
                0x000000001fff2910        0x4 ./freertos/heap_4.o
 .bss.xMinimumEverFreeBytesRemaining
                0x000000001fff2914        0x4 ./freertos/heap_4.o
 .bss.xBlockAllocatedBit
                0x000000001fff2918        0x4 ./freertos/heap_4.o
 .bss.ucMaxSysCallPriority
                0x000000001fff291c        0x1 ./freertos/port.o
 *fill*         0x000000001fff291d        0x3 
 .bss.ulMaxPRIGROUPValue
                0x000000001fff2920        0x4 ./freertos/port.o
 .bss.pxCurrentTCB
                0x000000001fff2924        0x4 ./freertos/tasks.o
                0x000000001fff2924                pxCurrentTCB
 .bss.pxReadyTasksLists
                0x000000001fff2928       0x64 ./freertos/tasks.o
 .bss.xDelayedTaskList1
                0x000000001fff298c       0x14 ./freertos/tasks.o
 .bss.xDelayedTaskList2
                0x000000001fff29a0       0x14 ./freertos/tasks.o
 .bss.pxDelayedTaskList
                0x000000001fff29b4        0x4 ./freertos/tasks.o
 .bss.pxOverflowDelayedTaskList
                0x000000001fff29b8        0x4 ./freertos/tasks.o
 .bss.xPendingReadyList
                0x000000001fff29bc       0x14 ./freertos/tasks.o
 .bss.xTasksWaitingTermination
                0x000000001fff29d0       0x14 ./freertos/tasks.o
 .bss.uxDeletedTasksWaitingCleanUp
                0x000000001fff29e4        0x4 ./freertos/tasks.o
 .bss.xSuspendedTaskList
                0x000000001fff29e8       0x14 ./freertos/tasks.o
 .bss.uxCurrentNumberOfTasks
                0x000000001fff29fc        0x4 ./freertos/tasks.o
 .bss.xTickCount
                0x000000001fff2a00        0x4 ./freertos/tasks.o
 .bss.uxTopReadyPriority
                0x000000001fff2a04        0x4 ./freertos/tasks.o
 .bss.xSchedulerRunning
                0x000000001fff2a08        0x4 ./freertos/tasks.o
 .bss.uxPendedTicks
                0x000000001fff2a0c        0x4 ./freertos/tasks.o
 .bss.xYieldPending
                0x000000001fff2a10        0x4 ./freertos/tasks.o
 .bss.xNumOfOverflows
                0x000000001fff2a14        0x4 ./freertos/tasks.o
 .bss.uxTaskNumber
                0x000000001fff2a18        0x4 ./freertos/tasks.o
 .bss.xNextTaskUnblockTime
                0x000000001fff2a1c        0x4 ./freertos/tasks.o
 .bss.xIdleTaskHandle
                0x000000001fff2a20        0x4 ./freertos/tasks.o
 .bss.uxSchedulerSuspended
                0x000000001fff2a24        0x4 ./freertos/tasks.o
 .bss.xActiveTimerList1
                0x000000001fff2a28       0x14 ./freertos/timers.o
 .bss.xActiveTimerList2
                0x000000001fff2a3c       0x14 ./freertos/timers.o
 .bss.pxCurrentTimerList
                0x000000001fff2a50        0x4 ./freertos/timers.o
 .bss.pxOverflowTimerList
                0x000000001fff2a54        0x4 ./freertos/timers.o
 .bss.xTimerQueue
                0x000000001fff2a58        0x4 ./freertos/timers.o
 .bss.xTimerTaskHandle
                0x000000001fff2a5c        0x4 ./freertos/timers.o
 .bss.xLastTime.7355
                0x000000001fff2a60        0x4 ./freertos/timers.o
 .bss.pCurrentTCB
                0x000000001fff2a64        0x4 ./freertos/trcKernelPort.o
 .bss.symbolTable
                0x000000001fff2a68      0x500 ./freertos/trcStreamingRecorder.o
 .bss.firstFreeSymbolTableIndex
                0x000000001fff2f68        0x4 ./freertos/trcStreamingRecorder.o
 .bss.objectDataTable
                0x000000001fff2f6c      0x140 ./freertos/trcStreamingRecorder.o
 .bss.firstFreeObjectDataTableIndex
                0x000000001fff30ac        0x4 ./freertos/trcStreamingRecorder.o
 .bss.errorCode
                0x000000001fff30b0        0x4 ./freertos/trcStreamingRecorder.o
 .bss.SessionCounter
                0x000000001fff30b4        0x4 ./freertos/trcStreamingRecorder.o
 .bss.RecorderEnabled
                0x000000001fff30b8        0x4 ./freertos/trcStreamingRecorder.o
                0x000000001fff30b8                RecorderEnabled
 .bss.eventCounter
                0x000000001fff30bc        0x4 ./freertos/trcStreamingRecorder.o
 .bss.uiTraceTickCount
                0x000000001fff30c0        0x4 ./freertos/trcStreamingRecorder.o
                0x000000001fff30c0                uiTraceTickCount
 .bss.timestampFrequency
                0x000000001fff30c4        0x4 ./freertos/trcStreamingRecorder.o
                0x000000001fff30c4                timestampFrequency
 .bss.NoRoomForSymbol
                0x000000001fff30c8        0x4 ./freertos/trcStreamingRecorder.o
                0x000000001fff30c8                NoRoomForSymbol
 .bss.NoRoomForObjectData
                0x000000001fff30cc        0x4 ./freertos/trcStreamingRecorder.o
                0x000000001fff30cc                NoRoomForObjectData
 .bss.LongestSymbolName
                0x000000001fff30d0        0x4 ./freertos/trcStreamingRecorder.o
                0x000000001fff30d0                LongestSymbolName
 .bss.MaxBytesTruncated
                0x000000001fff30d4        0x4 ./freertos/trcStreamingRecorder.o
                0x000000001fff30d4                MaxBytesTruncated
 .bss.g_dspiHandle
                0x000000001fff30d8        0xc ./drivers/fsl_dspi.o
 .bss.s_dspiMasterIsr
                0x000000001fff30e4        0x4 ./drivers/fsl_dspi.o
 .bss.s_dspiSlaveIsr
                0x000000001fff30e8        0x4 ./drivers/fsl_dspi.o
 .bss.s_EDMAHandle
                0x000000001fff30ec       0x40 ./drivers/fsl_edma.o
 .bss.s_ENETHandle
                0x000000001fff312c        0x4 ./drivers/fsl_enet.o
 .bss.s_enetTxIsr
                0x000000001fff3130        0x4 ./drivers/fsl_enet.o
 .bss.s_enetRxIsr
                0x000000001fff3134        0x4 ./drivers/fsl_enet.o
 .bss.s_enetErrIsr
                0x000000001fff3138        0x4 ./drivers/fsl_enet.o
 .bss.s_enetTsIsr
                0x000000001fff313c        0x4 ./drivers/fsl_enet.o
 .bss.s_flexcanHandle
                0x000000001fff3140        0x4 ./drivers/fsl_flexcan.o
 .bss.s_flexcanIsr
                0x000000001fff3144        0x4 ./drivers/fsl_flexcan.o
 .bss.s_i2cHandle
                0x000000001fff3148        0xc ./drivers/fsl_i2c.o
 .bss.s_i2cMasterIsr
                0x000000001fff3154        0x4 ./drivers/fsl_i2c.o
 .bss.s_i2cSlaveIsr
                0x000000001fff3158        0x4 ./drivers/fsl_i2c.o
 .bss.s_saiTxIsr
                0x000000001fff315c        0x4 ./drivers/fsl_sai.o
 .bss.s_saiRxIsr
                0x000000001fff3160        0x4 ./drivers/fsl_sai.o
 .bss.s_sdhcHandle
                0x000000001fff3164        0x4 ./drivers/fsl_sdhc.o
 .bss.s_sdhcIsr
                0x000000001fff3168        0x4 ./drivers/fsl_sdhc.o
 .bss.s_uartHandle
                0x000000001fff316c       0x18 ./drivers/fsl_uart.o
 .bss.s_uartIsr
                0x000000001fff3184        0x4 ./drivers/fsl_uart.o
 *(COMMON)
 COMMON         0x000000001fff3188       0xa8 ./freertos/SEGGER_RTT.o
                0x000000001fff3188                _SEGGER_RTT
 COMMON         0x000000001fff3230       0x40 ./freertos/queue.o
                0x000000001fff3230                xQueueRegistry
 COMMON         0x000000001fff3270     0x138c ./freertos/trcKernelPort.o
                0x000000001fff3270                _TzTraceData
                0x000000001fff45f8                trcWarningChannel
 COMMON         0x000000001fff45fc        0x8 ./drivers/fsl_clock.o
                0x000000001fff45fc                g_xtal32Freq
                0x000000001fff4600                g_xtal0Freq
 COMMON         0x000000001fff4604        0x8 ./drivers/fsl_sai.o
                0x000000001fff4604                s_saiHandle
                0x000000001fff460c                . = ALIGN (0x4)
                0x000000001fff460c                __bss_end__ = .
                0x000000001fff460c                __END_BSS = .

.heap           0x0000000020000000      0x400
                0x0000000020000000                . = ALIGN (0x8)
                0x0000000020000000                __end__ = .
                0x0000000020000000                PROVIDE (end, .)
                0x0000000020000000                __HeapBase = .
                0x0000000020000400                . = (. + HEAP_SIZE)
 *fill*         0x0000000020000000      0x400 
                0x0000000020000400                __HeapLimit = .
                0x0000000020000400                __heap_limit = .

.stack          0x0000000020000400      0x400
                0x0000000020000400                . = ALIGN (0x8)
                0x0000000020000800                . = (. + STACK_SIZE)
 *fill*         0x0000000020000400      0x400 
                0x0000000020030000                __StackTop = (ORIGIN (m_data_2) + 0x30000)
                0x000000002002fc00                __StackLimit = (__StackTop - STACK_SIZE)
                0x0000000020030000                PROVIDE (__stack, __StackTop)

.ARM.attributes
                0x0000000000000000       0x30
 *(.ARM.attributes)
 .ARM.attributes
                0x0000000000000000       0x22 /Applications/KDS_v3.app/Contents/toolchain/bin/../lib/gcc/arm-none-eabi/4.8.4/armv7e-m/fpu/crti.o
 .ARM.attributes
                0x0000000000000022       0x34 /Applications/KDS_v3.app/Contents/toolchain/bin/../lib/gcc/arm-none-eabi/4.8.4/armv7e-m/fpu/crtbegin.o
 .ARM.attributes
                0x0000000000000056       0x20 /Applications/KDS_v3.app/Contents/toolchain/bin/../lib/gcc/arm-none-eabi/4.8.4/../../../../arm-none-eabi/lib/armv7e-m/fpu/crt0.o
 .ARM.attributes
                0x0000000000000076       0x39 ./utilities/fsl_debug_console.o
 .ARM.attributes
                0x00000000000000af       0x1f ./startup/startup_MK64F12.o
 .ARM.attributes
                0x00000000000000ce       0x39 ./source/main.o
 .ARM.attributes
                0x0000000000000107       0x39 ./freertos/SEGGER_RTT.o
 .ARM.attributes
                0x0000000000000140       0x39 ./freertos/fsl_tickless_lptmr.o
 .ARM.attributes
                0x0000000000000179       0x39 ./freertos/heap_4.o
 .ARM.attributes
                0x00000000000001b2       0x39 ./freertos/list.o
 .ARM.attributes
                0x00000000000001eb       0x39 ./freertos/port.o
 .ARM.attributes
                0x0000000000000224       0x39 ./freertos/queue.o
 .ARM.attributes
                0x000000000000025d       0x39 ./freertos/tasks.o
 .ARM.attributes
                0x0000000000000296       0x39 ./freertos/timers.o
 .ARM.attributes
                0x00000000000002cf       0x39 ./freertos/trcKernelPort.o
 .ARM.attributes
                0x0000000000000308       0x39 ./freertos/trcStreamingRecorder.o
 .ARM.attributes
                0x0000000000000341       0x39 ./drivers/fsl_clock.o
 .ARM.attributes
                0x000000000000037a       0x39 ./drivers/fsl_common.o
 .ARM.attributes
                0x00000000000003b3       0x39 ./drivers/fsl_dspi.o
 .ARM.attributes
                0x00000000000003ec       0x39 ./drivers/fsl_edma.o
 .ARM.attributes
                0x0000000000000425       0x39 ./drivers/fsl_enet.o
 .ARM.attributes
                0x000000000000045e       0x39 ./drivers/fsl_flexcan.o
 .ARM.attributes
                0x0000000000000497       0x39 ./drivers/fsl_gpio.o
 .ARM.attributes
                0x00000000000004d0       0x39 ./drivers/fsl_i2c.o
 .ARM.attributes
                0x0000000000000509       0x39 ./drivers/fsl_sai.o
 .ARM.attributes
                0x0000000000000542       0x39 ./drivers/fsl_sdhc.o
 .ARM.attributes
                0x000000000000057b       0x39 ./drivers/fsl_uart.o
 .ARM.attributes
                0x00000000000005b4       0x39 ./board/board.o
 .ARM.attributes
                0x00000000000005ed       0x39 ./board/clock_config.o
 .ARM.attributes
                0x0000000000000626       0x39 ./board/pin_mux.o
 .ARM.attributes
                0x000000000000065f       0x39 ./CMSIS/system_MK64F12.o
 .ARM.attributes
                0x0000000000000698       0x34 /Applications/KDS_v3.app/Contents/toolchain/bin/../lib/gcc/arm-none-eabi/4.8.4/../../../../arm-none-eabi/lib/armv7e-m/fpu/libg_s.a(lib_a-exit.o)
 .ARM.attributes
                0x00000000000006cc       0x34 /Applications/KDS_v3.app/Contents/toolchain/bin/../lib/gcc/arm-none-eabi/4.8.4/../../../../arm-none-eabi/lib/armv7e-m/fpu/libg_s.a(lib_a-impure.o)
 .ARM.attributes
                0x0000000000000700       0x34 /Applications/KDS_v3.app/Contents/toolchain/bin/../lib/gcc/arm-none-eabi/4.8.4/../../../../arm-none-eabi/lib/armv7e-m/fpu/libg_s.a(lib_a-init.o)
 .ARM.attributes
                0x0000000000000734       0x34 /Applications/KDS_v3.app/Contents/toolchain/bin/../lib/gcc/arm-none-eabi/4.8.4/../../../../arm-none-eabi/lib/armv7e-m/fpu/libg_s.a(lib_a-memcpy-stub.o)
 .ARM.attributes
                0x0000000000000768       0x34 /Applications/KDS_v3.app/Contents/toolchain/bin/../lib/gcc/arm-none-eabi/4.8.4/../../../../arm-none-eabi/lib/armv7e-m/fpu/libg_s.a(lib_a-memset.o)
 .ARM.attributes
                0x000000000000079c       0x34 /Applications/KDS_v3.app/Contents/toolchain/bin/../lib/gcc/arm-none-eabi/4.8.4/../../../../arm-none-eabi/lib/armv7e-m/fpu/libg_s.a(lib_a-strlen.o)
 .ARM.attributes
                0x00000000000007d0       0x34 /Applications/KDS_v3.app/Contents/toolchain/bin/../lib/gcc/arm-none-eabi/4.8.4/../../../../arm-none-eabi/lib/armv7e-m/fpu/libnosys.a(_exit.o)
 .ARM.attributes
                0x0000000000000804       0x34 /Applications/KDS_v3.app/Contents/toolchain/bin/../lib/gcc/arm-none-eabi/4.8.4/armv7e-m/fpu/crtend.o
 .ARM.attributes
                0x0000000000000838       0x22 /Applications/KDS_v3.app/Contents/toolchain/bin/../lib/gcc/arm-none-eabi/4.8.4/armv7e-m/fpu/crtn.o
                0x0000000000000001                ASSERT ((__StackLimit >= __HeapLimit), region m_data_2 overflowed with stack and heap)
OUTPUT(TP4.elf elf32-littlearm)

.debug_info     0x0000000000000000    0x1e2c2
 .debug_info    0x0000000000000000      0xd9c ./utilities/fsl_debug_console.o
 .debug_info    0x0000000000000d9c       0x6b ./startup/startup_MK64F12.o
 .debug_info    0x0000000000000e07     0x1053 ./source/main.o
 .debug_info    0x0000000000001e5a      0xd3a ./freertos/SEGGER_RTT.o
 .debug_info    0x0000000000002b94       0xe2 ./freertos/fsl_tickless_lptmr.o
 .debug_info    0x0000000000002c76      0x3f6 ./freertos/heap_4.o
 .debug_info    0x000000000000306c      0x2cc ./freertos/list.o
 .debug_info    0x0000000000003338      0x500 ./freertos/port.o
 .debug_info    0x0000000000003838     0x1475 ./freertos/queue.o
 .debug_info    0x0000000000004cad     0x1ec2 ./freertos/tasks.o
 .debug_info    0x0000000000006b6f      0xd4f ./freertos/timers.o
 .debug_info    0x00000000000078be      0x565 ./freertos/trcKernelPort.o
 .debug_info    0x0000000000007e23     0x1c1b ./freertos/trcStreamingRecorder.o
 .debug_info    0x0000000000009a3e     0x1f0e ./drivers/fsl_clock.o
 .debug_info    0x000000000000b94c      0x6d9 ./drivers/fsl_common.o
 .debug_info    0x000000000000c025     0x232d ./drivers/fsl_dspi.o
 .debug_info    0x000000000000e352     0x20e5 ./drivers/fsl_edma.o
 .debug_info    0x0000000000010437     0x234d ./drivers/fsl_enet.o
 .debug_info    0x0000000000012784     0x1fc7 ./drivers/fsl_flexcan.o
 .debug_info    0x000000000001474b      0x5c0 ./drivers/fsl_gpio.o
 .debug_info    0x0000000000014d0b     0x1dec ./drivers/fsl_i2c.o
 .debug_info    0x0000000000016af7     0x1c7e ./drivers/fsl_sai.o
 .debug_info    0x0000000000018775     0x2214 ./drivers/fsl_sdhc.o
 .debug_info    0x000000000001a989     0x1a85 ./drivers/fsl_uart.o
 .debug_info    0x000000000001c40e      0x2eb ./board/board.o
 .debug_info    0x000000000001c6f9      0xa0d ./board/clock_config.o
 .debug_info    0x000000000001d106      0xbb6 ./board/pin_mux.o
 .debug_info    0x000000000001dcbc      0x606 ./CMSIS/system_MK64F12.o

.debug_abbrev   0x0000000000000000     0x3bec
 .debug_abbrev  0x0000000000000000      0x28c ./utilities/fsl_debug_console.o
 .debug_abbrev  0x000000000000028c       0x14 ./startup/startup_MK64F12.o
 .debug_abbrev  0x00000000000002a0      0x27e ./source/main.o
 .debug_abbrev  0x000000000000051e      0x1cd ./freertos/SEGGER_RTT.o
 .debug_abbrev  0x00000000000006eb       0x7b ./freertos/fsl_tickless_lptmr.o
 .debug_abbrev  0x0000000000000766      0x1d4 ./freertos/heap_4.o
 .debug_abbrev  0x000000000000093a       0xdb ./freertos/list.o
 .debug_abbrev  0x0000000000000a15      0x21d ./freertos/port.o
 .debug_abbrev  0x0000000000000c32      0x238 ./freertos/queue.o
 .debug_abbrev  0x0000000000000e6a      0x2cc ./freertos/tasks.o
 .debug_abbrev  0x0000000000001136      0x1fc ./freertos/timers.o
 .debug_abbrev  0x0000000000001332      0x1ea ./freertos/trcKernelPort.o
 .debug_abbrev  0x000000000000151c      0x356 ./freertos/trcStreamingRecorder.o
 .debug_abbrev  0x0000000000001872      0x301 ./drivers/fsl_clock.o
 .debug_abbrev  0x0000000000001b73      0x233 ./drivers/fsl_common.o
 .debug_abbrev  0x0000000000001da6      0x2d7 ./drivers/fsl_dspi.o
 .debug_abbrev  0x000000000000207d      0x38c ./drivers/fsl_edma.o
 .debug_abbrev  0x0000000000002409      0x27a ./drivers/fsl_enet.o
 .debug_abbrev  0x0000000000002683      0x2dd ./drivers/fsl_flexcan.o
 .debug_abbrev  0x0000000000002960      0x195 ./drivers/fsl_gpio.o
 .debug_abbrev  0x0000000000002af5      0x329 ./drivers/fsl_i2c.o
 .debug_abbrev  0x0000000000002e1e      0x2a7 ./drivers/fsl_sai.o
 .debug_abbrev  0x00000000000030c5      0x292 ./drivers/fsl_sdhc.o
 .debug_abbrev  0x0000000000003357      0x2d9 ./drivers/fsl_uart.o
 .debug_abbrev  0x0000000000003630      0x100 ./board/board.o
 .debug_abbrev  0x0000000000003730      0x1e8 ./board/clock_config.o
 .debug_abbrev  0x0000000000003918      0x1ba ./board/pin_mux.o
 .debug_abbrev  0x0000000000003ad2      0x11a ./CMSIS/system_MK64F12.o

.debug_aranges  0x0000000000000000     0x18c0
 .debug_aranges
                0x0000000000000000       0x90 ./utilities/fsl_debug_console.o
 .debug_aranges
                0x0000000000000090       0x20 ./startup/startup_MK64F12.o
 .debug_aranges
                0x00000000000000b0       0xa0 ./source/main.o
 .debug_aranges
                0x0000000000000150       0xf0 ./freertos/SEGGER_RTT.o
 .debug_aranges
                0x0000000000000240       0x20 ./freertos/fsl_tickless_lptmr.o
 .debug_aranges
                0x0000000000000260       0x50 ./freertos/heap_4.o
 .debug_aranges
                0x00000000000002b0       0x40 ./freertos/list.o
 .debug_aranges
                0x00000000000002f0       0x78 ./freertos/port.o
 .debug_aranges
                0x0000000000000368      0x120 ./freertos/queue.o
 .debug_aranges
                0x0000000000000488      0x1e8 ./freertos/tasks.o
 .debug_aranges
                0x0000000000000670       0xc8 ./freertos/timers.o
 .debug_aranges
                0x0000000000000738       0x70 ./freertos/trcKernelPort.o
 .debug_aranges
                0x00000000000007a8      0x168 ./freertos/trcStreamingRecorder.o
 .debug_aranges
                0x0000000000000910      0x1e8 ./drivers/fsl_clock.o
 .debug_aranges
                0x0000000000000af8       0x38 ./drivers/fsl_common.o
 .debug_aranges
                0x0000000000000b30      0x1a8 ./drivers/fsl_dspi.o
 .debug_aranges
                0x0000000000000cd8      0x208 ./drivers/fsl_edma.o
 .debug_aranges
                0x0000000000000ee0      0x148 ./drivers/fsl_enet.o
 .debug_aranges
                0x0000000000001028      0x178 ./drivers/fsl_flexcan.o
 .debug_aranges
                0x00000000000011a0       0x40 ./drivers/fsl_gpio.o
 .debug_aranges
                0x00000000000011e0      0x180 ./drivers/fsl_i2c.o
 .debug_aranges
                0x0000000000001360      0x168 ./drivers/fsl_sai.o
 .debug_aranges
                0x00000000000014c8      0x198 ./drivers/fsl_sdhc.o
 .debug_aranges
                0x0000000000001660      0x170 ./drivers/fsl_uart.o
 .debug_aranges
                0x00000000000017d0       0x20 ./board/board.o
 .debug_aranges
                0x00000000000017f0       0x58 ./board/clock_config.o
 .debug_aranges
                0x0000000000001848       0x50 ./board/pin_mux.o
 .debug_aranges
                0x0000000000001898       0x28 ./CMSIS/system_MK64F12.o

.debug_ranges   0x0000000000000000     0x16f0
 .debug_ranges  0x0000000000000000       0x80 ./utilities/fsl_debug_console.o
 .debug_ranges  0x0000000000000080       0x90 ./source/main.o
 .debug_ranges  0x0000000000000110       0xe0 ./freertos/SEGGER_RTT.o
 .debug_ranges  0x00000000000001f0       0x10 ./freertos/fsl_tickless_lptmr.o
 .debug_ranges  0x0000000000000200       0x40 ./freertos/heap_4.o
 .debug_ranges  0x0000000000000240       0x30 ./freertos/list.o
 .debug_ranges  0x0000000000000270       0x68 ./freertos/port.o
 .debug_ranges  0x00000000000002d8      0x110 ./freertos/queue.o
 .debug_ranges  0x00000000000003e8      0x1d8 ./freertos/tasks.o
 .debug_ranges  0x00000000000005c0       0xb8 ./freertos/timers.o
 .debug_ranges  0x0000000000000678       0x60 ./freertos/trcKernelPort.o
 .debug_ranges  0x00000000000006d8      0x158 ./freertos/trcStreamingRecorder.o
 .debug_ranges  0x0000000000000830      0x1d8 ./drivers/fsl_clock.o
 .debug_ranges  0x0000000000000a08       0x28 ./drivers/fsl_common.o
 .debug_ranges  0x0000000000000a30      0x198 ./drivers/fsl_dspi.o
 .debug_ranges  0x0000000000000bc8      0x1f8 ./drivers/fsl_edma.o
 .debug_ranges  0x0000000000000dc0      0x138 ./drivers/fsl_enet.o
 .debug_ranges  0x0000000000000ef8      0x168 ./drivers/fsl_flexcan.o
 .debug_ranges  0x0000000000001060       0x30 ./drivers/fsl_gpio.o
 .debug_ranges  0x0000000000001090      0x170 ./drivers/fsl_i2c.o
 .debug_ranges  0x0000000000001200      0x158 ./drivers/fsl_sai.o
 .debug_ranges  0x0000000000001358      0x188 ./drivers/fsl_sdhc.o
 .debug_ranges  0x00000000000014e0      0x160 ./drivers/fsl_uart.o
 .debug_ranges  0x0000000000001640       0x10 ./board/board.o
 .debug_ranges  0x0000000000001650       0x48 ./board/clock_config.o
 .debug_ranges  0x0000000000001698       0x40 ./board/pin_mux.o
 .debug_ranges  0x00000000000016d8       0x18 ./CMSIS/system_MK64F12.o

.debug_macro    0x0000000000000000    0x16795
 .debug_macro   0x0000000000000000      0x1ee ./utilities/fsl_debug_console.o
 .debug_macro   0x00000000000001ee      0x86e ./utilities/fsl_debug_console.o
 .debug_macro   0x0000000000000a5c       0x58 ./utilities/fsl_debug_console.o
 .debug_macro   0x0000000000000ab4       0x58 ./utilities/fsl_debug_console.o
 .debug_macro   0x0000000000000b0c       0x16 ./utilities/fsl_debug_console.o
 .debug_macro   0x0000000000000b22       0x35 ./utilities/fsl_debug_console.o
 .debug_macro   0x0000000000000b57       0xa3 ./utilities/fsl_debug_console.o
 .debug_macro   0x0000000000000bfa       0x16 ./utilities/fsl_debug_console.o
 .debug_macro   0x0000000000000c10      0x10e ./utilities/fsl_debug_console.o
 .debug_macro   0x0000000000000d1e       0x7f ./utilities/fsl_debug_console.o
 .debug_macro   0x0000000000000d9d       0x4a ./utilities/fsl_debug_console.o
 .debug_macro   0x0000000000000de7       0x52 ./utilities/fsl_debug_console.o
 .debug_macro   0x0000000000000e39       0x16 ./utilities/fsl_debug_console.o
 .debug_macro   0x0000000000000e4f       0x43 ./utilities/fsl_debug_console.o
 .debug_macro   0x0000000000000e92      0x180 ./utilities/fsl_debug_console.o
 .debug_macro   0x0000000000001012       0x16 ./utilities/fsl_debug_console.o
 .debug_macro   0x0000000000001028       0x29 ./utilities/fsl_debug_console.o
 .debug_macro   0x0000000000001051      0x1e1 ./utilities/fsl_debug_console.o
 .debug_macro   0x0000000000001232       0x16 ./utilities/fsl_debug_console.o
 .debug_macro   0x0000000000001248       0x22 ./utilities/fsl_debug_console.o
 .debug_macro   0x000000000000126a      0x20f ./utilities/fsl_debug_console.o
 .debug_macro   0x0000000000001479      0x2a6 ./utilities/fsl_debug_console.o
 .debug_macro   0x000000000000171f       0x10 ./utilities/fsl_debug_console.o
 .debug_macro   0x000000000000172f       0x35 ./utilities/fsl_debug_console.o
 .debug_macro   0x0000000000001764       0x1f ./utilities/fsl_debug_console.o
 .debug_macro   0x0000000000001783       0x10 ./utilities/fsl_debug_console.o
 .debug_macro   0x0000000000001793       0x5b ./utilities/fsl_debug_console.o
 .debug_macro   0x00000000000017ee       0x3b ./utilities/fsl_debug_console.o
 .debug_macro   0x0000000000001829       0x50 ./utilities/fsl_debug_console.o
 .debug_macro   0x0000000000001879      0xd40 ./utilities/fsl_debug_console.o
 .debug_macro   0x00000000000025b9       0x44 ./utilities/fsl_debug_console.o
 .debug_macro   0x00000000000025fd     0xe07b ./utilities/fsl_debug_console.o
 .debug_macro   0x0000000000010678     0x13c7 ./utilities/fsl_debug_console.o
 .debug_macro   0x0000000000011a3f       0x3a ./utilities/fsl_debug_console.o
 .debug_macro   0x0000000000011a79      0x171 ./utilities/fsl_debug_console.o
 .debug_macro   0x0000000000011bea       0x35 ./utilities/fsl_debug_console.o
 .debug_macro   0x0000000000011c1f       0x3a ./utilities/fsl_debug_console.o
 .debug_macro   0x0000000000011c59       0x10 ./utilities/fsl_debug_console.o
 .debug_macro   0x0000000000011c69      0x33a ./source/main.o
 .debug_macro   0x0000000000011fa3       0x16 ./source/main.o
 .debug_macro   0x0000000000011fb9       0x10 ./source/main.o
 .debug_macro   0x0000000000011fc9      0x1c6 ./source/main.o
 .debug_macro   0x000000000001218f       0x10 ./source/main.o
 .debug_macro   0x000000000001219f       0x40 ./source/main.o
 .debug_macro   0x00000000000121df      0x1ae ./source/main.o
 .debug_macro   0x000000000001238d       0x52 ./source/main.o
 .debug_macro   0x00000000000123df       0xd0 ./source/main.o
 .debug_macro   0x00000000000124af       0x24 ./source/main.o
 .debug_macro   0x00000000000124d3       0x43 ./source/main.o
 .debug_macro   0x0000000000012516       0x88 ./source/main.o
 .debug_macro   0x000000000001259e       0x28 ./source/main.o
 .debug_macro   0x00000000000125c6       0x41 ./source/main.o
 .debug_macro   0x0000000000012607      0x11b ./source/main.o
 .debug_macro   0x0000000000012722       0x5f ./source/main.o
 .debug_macro   0x0000000000012781      0x7d6 ./source/main.o
 .debug_macro   0x0000000000012f57      0x168 ./source/main.o
 .debug_macro   0x00000000000130bf       0xeb ./source/main.o
 .debug_macro   0x00000000000131aa       0x10 ./source/main.o
 .debug_macro   0x00000000000131ba       0x1f ./source/main.o
 .debug_macro   0x00000000000131d9      0x19a ./source/main.o
 .debug_macro   0x0000000000013373       0xc0 ./source/main.o
 .debug_macro   0x0000000000013433       0x8c ./source/main.o
 .debug_macro   0x00000000000134bf       0x94 ./source/main.o
 .debug_macro   0x0000000000013553       0x91 ./source/main.o
 .debug_macro   0x00000000000135e4       0x78 ./source/main.o
 .debug_macro   0x000000000001365c      0x141 ./freertos/SEGGER_RTT.o
 .debug_macro   0x000000000001379d      0x115 ./freertos/SEGGER_RTT.o
 .debug_macro   0x00000000000138b2      0x185 ./freertos/fsl_tickless_lptmr.o
 .debug_macro   0x0000000000013a37       0x5e ./freertos/fsl_tickless_lptmr.o
 .debug_macro   0x0000000000013a95      0x22f ./freertos/heap_4.o
 .debug_macro   0x0000000000013cc4      0x208 ./freertos/list.o
 .debug_macro   0x0000000000013ecc      0x1fd ./freertos/port.o
 .debug_macro   0x00000000000140c9      0x298 ./freertos/queue.o
 .debug_macro   0x0000000000014361      0x2f1 ./freertos/tasks.o
 .debug_macro   0x0000000000014652       0x11 ./freertos/tasks.o
 .debug_macro   0x0000000000014663      0x23b ./freertos/timers.o
 .debug_macro   0x000000000001489e      0x18b ./freertos/trcKernelPort.o
 .debug_macro   0x0000000000014a29      0x1d0 ./freertos/trcStreamingRecorder.o
 .debug_macro   0x0000000000014bf9      0x24c ./drivers/fsl_clock.o
 .debug_macro   0x0000000000014e45      0x199 ./drivers/fsl_common.o
 .debug_macro   0x0000000000014fde      0x195 ./drivers/fsl_dspi.o
 .debug_macro   0x0000000000015173       0x3a ./drivers/fsl_dspi.o
 .debug_macro   0x00000000000151ad      0x19b ./drivers/fsl_edma.o
 .debug_macro   0x0000000000015348       0x16 ./drivers/fsl_edma.o
 .debug_macro   0x000000000001535e      0x26d ./drivers/fsl_enet.o
 .debug_macro   0x00000000000155cb       0xb6 ./drivers/fsl_enet.o
 .debug_macro   0x0000000000015681      0x19b ./drivers/fsl_flexcan.o
 .debug_macro   0x000000000001581c       0xcf ./drivers/fsl_flexcan.o
 .debug_macro   0x00000000000158eb      0x196 ./drivers/fsl_gpio.o
 .debug_macro   0x0000000000015a81      0x195 ./drivers/fsl_i2c.o
 .debug_macro   0x0000000000015c16       0x10 ./drivers/fsl_i2c.o
 .debug_macro   0x0000000000015c26      0x195 ./drivers/fsl_sai.o
 .debug_macro   0x0000000000015dbb       0x11 ./drivers/fsl_sai.o
 .debug_macro   0x0000000000015dcc      0x1ad ./drivers/fsl_sdhc.o
 .debug_macro   0x0000000000015f79       0x64 ./drivers/fsl_sdhc.o
 .debug_macro   0x0000000000015fdd      0x19c ./drivers/fsl_uart.o
 .debug_macro   0x0000000000016179      0x1b6 ./board/board.o
 .debug_macro   0x000000000001632f       0x1c ./board/board.o
 .debug_macro   0x000000000001634b      0x1cd ./board/clock_config.o
 .debug_macro   0x0000000000016518      0x1d8 ./board/pin_mux.o
 .debug_macro   0x00000000000166f0       0xa5 ./CMSIS/system_MK64F12.o

.debug_line     0x0000000000000000     0xda88
 .debug_line    0x0000000000000000      0x7f1 ./utilities/fsl_debug_console.o
 .debug_line    0x00000000000007f1      0x174 ./startup/startup_MK64F12.o
 .debug_line    0x0000000000000965      0x732 ./source/main.o
 .debug_line    0x0000000000001097      0x614 ./freertos/SEGGER_RTT.o
 .debug_line    0x00000000000016ab      0x39e ./freertos/fsl_tickless_lptmr.o
 .debug_line    0x0000000000001a49      0x53d ./freertos/heap_4.o
 .debug_line    0x0000000000001f86      0x45c ./freertos/list.o
 .debug_line    0x00000000000023e2      0x55a ./freertos/port.o
 .debug_line    0x000000000000293c      0xe87 ./freertos/queue.o
 .debug_line    0x00000000000037c3     0x1172 ./freertos/tasks.o
 .debug_line    0x0000000000004935      0x891 ./freertos/timers.o
 .debug_line    0x00000000000051c6      0x485 ./freertos/trcKernelPort.o
 .debug_line    0x000000000000564b      0xc0f ./freertos/trcStreamingRecorder.o
 .debug_line    0x000000000000625a      0xb59 ./drivers/fsl_clock.o
 .debug_line    0x0000000000006db3      0x410 ./drivers/fsl_common.o
 .debug_line    0x00000000000071c3      0xc05 ./drivers/fsl_dspi.o
 .debug_line    0x0000000000007dc8      0xb7e ./drivers/fsl_edma.o
 .debug_line    0x0000000000008946      0x9da ./drivers/fsl_enet.o
 .debug_line    0x0000000000009320      0xac4 ./drivers/fsl_flexcan.o
 .debug_line    0x0000000000009de4      0x3ed ./drivers/fsl_gpio.o
 .debug_line    0x000000000000a1d1      0xb40 ./drivers/fsl_i2c.o
 .debug_line    0x000000000000ad11      0x978 ./drivers/fsl_sai.o
 .debug_line    0x000000000000b689      0xabe ./drivers/fsl_sdhc.o
 .debug_line    0x000000000000c147      0xa54 ./drivers/fsl_uart.o
 .debug_line    0x000000000000cb9b      0x3c1 ./board/board.o
 .debug_line    0x000000000000cf5c      0x436 ./board/clock_config.o
 .debug_line    0x000000000000d392      0x447 ./board/pin_mux.o
 .debug_line    0x000000000000d7d9      0x2af ./CMSIS/system_MK64F12.o

.debug_str      0x0000000000000000    0x97fcc
 .debug_str     0x0000000000000000    0x7a615 ./utilities/fsl_debug_console.o
                                      0x7a942 (size before relaxing)
 .debug_str     0x000000000007a615     0xda16 ./source/main.o
                                      0x872d3 (size before relaxing)
 .debug_str     0x000000000008802b      0x59b ./freertos/SEGGER_RTT.o
                                       0x58c8 (size before relaxing)
 .debug_str     0x00000000000885c6      0x32c ./freertos/fsl_tickless_lptmr.o
                                      0x79271 (size before relaxing)
 .debug_str     0x00000000000888f2      0x29d ./freertos/heap_4.o
                                      0x7a5b8 (size before relaxing)
 .debug_str     0x0000000000088b8f      0x11e ./freertos/list.o
                                      0x79ea8 (size before relaxing)
 .debug_str     0x0000000000088cad      0x551 ./freertos/port.o
                                      0x7980d (size before relaxing)
 .debug_str     0x00000000000891fe      0x78a ./freertos/queue.o
                                      0x7c3cd (size before relaxing)
 .debug_str     0x0000000000089988     0x1359 ./freertos/tasks.o
                                      0x7d0ab (size before relaxing)
 .debug_str     0x000000000008ace1      0x4a7 ./freertos/timers.o
                                      0x7b973 (size before relaxing)
 .debug_str     0x000000000008b188      0x273 ./freertos/trcKernelPort.o
                                      0x79ab6 (size before relaxing)
 .debug_str     0x000000000008b3fb     0x14c4 ./freertos/trcStreamingRecorder.o
                                      0x798dc (size before relaxing)
 .debug_str     0x000000000008c8bf     0x1a68 ./drivers/fsl_clock.o
                                      0x7b3c3 (size before relaxing)
 .debug_str     0x000000000008e327       0xf4 ./drivers/fsl_common.o
                                      0x79846 (size before relaxing)
 .debug_str     0x000000000008e41b     0x128d ./drivers/fsl_dspi.o
                                      0x7b186 (size before relaxing)
 .debug_str     0x000000000008f6a8      0xfc6 ./drivers/fsl_edma.o
                                      0x7af3e (size before relaxing)
 .debug_str     0x000000000009066e     0x1c4c ./drivers/fsl_enet.o
                                      0x7bc28 (size before relaxing)
 .debug_str     0x00000000000922ba     0x1d3b ./drivers/fsl_flexcan.o
                                      0x7bc40 (size before relaxing)
 .debug_str     0x0000000000093ff5       0x8d ./drivers/fsl_gpio.o
                                      0x79758 (size before relaxing)
 .debug_str     0x0000000000094082      0xc13 ./drivers/fsl_i2c.o
                                      0x7ab4f (size before relaxing)
 .debug_str     0x0000000000094c95      0xa36 ./drivers/fsl_sai.o
                                      0x7a99a (size before relaxing)
 .debug_str     0x00000000000956cb     0x18b5 ./drivers/fsl_sdhc.o
                                      0x7b7f8 (size before relaxing)
 .debug_str     0x0000000000096f80      0xb3b ./drivers/fsl_uart.o
                                      0x7ac0b (size before relaxing)
 .debug_str     0x0000000000097abb       0x37 ./board/board.o
                                      0x79fb8 (size before relaxing)
 .debug_str     0x0000000000097af2      0x3b7 ./board/clock_config.o
                                      0x79e20 (size before relaxing)
 .debug_str     0x0000000000097ea9       0x7e ./board/pin_mux.o
                                      0x7aaba (size before relaxing)
 .debug_str     0x0000000000097f27       0xa5 ./CMSIS/system_MK64F12.o
                                      0x761c3 (size before relaxing)

.comment        0x0000000000000000       0x70
 .comment       0x0000000000000000       0x70 ./utilities/fsl_debug_console.o
                                         0x71 (size before relaxing)
 .comment       0x0000000000000000       0x71 ./source/main.o
 .comment       0x0000000000000000       0x71 ./freertos/SEGGER_RTT.o
 .comment       0x0000000000000000       0x71 ./freertos/fsl_tickless_lptmr.o
 .comment       0x0000000000000000       0x71 ./freertos/heap_4.o
 .comment       0x0000000000000000       0x71 ./freertos/list.o
 .comment       0x0000000000000000       0x71 ./freertos/port.o
 .comment       0x0000000000000000       0x71 ./freertos/queue.o
 .comment       0x0000000000000000       0x71 ./freertos/tasks.o
 .comment       0x0000000000000000       0x71 ./freertos/timers.o
 .comment       0x0000000000000000       0x71 ./freertos/trcKernelPort.o
 .comment       0x0000000000000000       0x71 ./freertos/trcStreamingRecorder.o
 .comment       0x0000000000000000       0x71 ./drivers/fsl_clock.o
 .comment       0x0000000000000000       0x71 ./drivers/fsl_common.o
 .comment       0x0000000000000000       0x71 ./drivers/fsl_dspi.o
 .comment       0x0000000000000000       0x71 ./drivers/fsl_edma.o
 .comment       0x0000000000000000       0x71 ./drivers/fsl_enet.o
 .comment       0x0000000000000000       0x71 ./drivers/fsl_flexcan.o
 .comment       0x0000000000000000       0x71 ./drivers/fsl_gpio.o
 .comment       0x0000000000000000       0x71 ./drivers/fsl_i2c.o
 .comment       0x0000000000000000       0x71 ./drivers/fsl_sai.o
 .comment       0x0000000000000000       0x71 ./drivers/fsl_sdhc.o
 .comment       0x0000000000000000       0x71 ./drivers/fsl_uart.o
 .comment       0x0000000000000000       0x71 ./board/board.o
 .comment       0x0000000000000000       0x71 ./board/clock_config.o
 .comment       0x0000000000000000       0x71 ./board/pin_mux.o
 .comment       0x0000000000000000       0x71 ./CMSIS/system_MK64F12.o

.debug_frame    0x0000000000000000     0x55e4
 .debug_frame   0x0000000000000000      0x1ec ./utilities/fsl_debug_console.o
 .debug_frame   0x00000000000001ec      0x20c ./source/main.o
 .debug_frame   0x00000000000003f8      0x360 ./freertos/SEGGER_RTT.o
 .debug_frame   0x0000000000000758       0x28 ./freertos/fsl_tickless_lptmr.o
 .debug_frame   0x0000000000000780       0xd0 ./freertos/heap_4.o
 .debug_frame   0x0000000000000850       0x9c ./freertos/list.o
 .debug_frame   0x00000000000008ec      0x138 ./freertos/port.o
 .debug_frame   0x0000000000000a24      0x410 ./freertos/queue.o
 .debug_frame   0x0000000000000e34      0x6fc ./freertos/tasks.o
 .debug_frame   0x0000000000001530      0x2b8 ./freertos/timers.o
 .debug_frame   0x00000000000017e8      0x150 ./freertos/trcKernelPort.o
 .debug_frame   0x0000000000001938      0x518 ./freertos/trcStreamingRecorder.o
 .debug_frame   0x0000000000001e50      0x6ac ./drivers/fsl_clock.o
 .debug_frame   0x00000000000024fc       0x88 ./drivers/fsl_common.o
 .debug_frame   0x0000000000002584      0x604 ./drivers/fsl_dspi.o
 .debug_frame   0x0000000000002b88      0x758 ./drivers/fsl_edma.o
 .debug_frame   0x00000000000032e0      0x494 ./drivers/fsl_enet.o
 .debug_frame   0x0000000000003774      0x554 ./drivers/fsl_flexcan.o
 .debug_frame   0x0000000000003cc8       0xac ./drivers/fsl_gpio.o
 .debug_frame   0x0000000000003d74      0x574 ./drivers/fsl_i2c.o
 .debug_frame   0x00000000000042e8      0x4fc ./drivers/fsl_sai.o